DEBUG    temporalio.worker._activity:_activity.py:276 Running activity raise_error (token b'\x00\x07default\x00$950665e9-ac62-4a57-8fd5-f631a5335ac5\x00$a0805cbd-5ef9-4b5c-b8a7-f5090c0f89f0\x00\x00\x00\x00\x00\x00\x00\x05\x00\x00\x00\x01')
DEBUG    temporalio.activity:_activity.py:440 Starting activity ({'activity_id': '1', 'activity_type': 'raise_error', 'attempt': 1, 'namespace': 'default', 'task_queue': '48251a0b-a198-4d74-9e51-629e9bdc6a17', 'workflow_id': '950665e9-ac62-4a57-8fd5-f631a5335ac5', 'workflow_run_id': 'a0805cbd-5ef9-4b5c-b8a7-f5090c0f89f0', 'workflow_type': 'kitchen_sink'})
WARNING  temporalio.activity:_activity.py:493 Completing activity as failed ({'activity_id': '1', 'activity_type': 'raise_error', 'attempt': 1, 'namespace': 'default', 'task_queue': '48251a0b-a198-4d74-9e51-629e9bdc6a17', 'workflow_id': '950665e9-ac62-4a57-8fd5-f631a5335ac5', 'workflow_run_id': 'a0805cbd-5ef9-4b5c-b8a7-f5090c0f89f0', 'workflow_type': 'kitchen_sink'})
Traceback (most recent call last):
  File "/home/runner/work/sdk-python/sdk-python/temporalio/worker/_activity.py", line 453, in _run_activity
    result = await impl.execute_activity(input)
  File "/home/runner/work/sdk-python/sdk-python/temporalio/worker/_activity.py", line 711, in execute_activity
    return await input.fn(*input.args)
  File "/home/runner/work/sdk-python/sdk-python/tests/worker/test_activity.py", line 205, in raise_error
    raise RuntimeError("oh no!")
RuntimeError: oh no!
DEBUG    temporalio.worker._activity:_activity.py:527 Completing activity with completion: task_token: "\000\007default\000$950665e9-ac62-4a57-8fd5-f631a5335ac5\000$a0805cbd-5ef9-4b5c-b8a7-f5090c0f89f0\000\000\000\000\000\000\000\005\000\000\000\001"
result {
  failed {
    failure {
      message: "oh no!"
      stack_trace: "  File \"/home/runner/work/sdk-python/sdk-python/temporalio/worker/_activity.py\", line 453, in _run_activity\n    result = await impl.execute_activity(input)\n\n  File \"/home/runner/work/sdk-python/sdk-python/temporalio/worker/_activity.py\", line 711, in execute_activity\n    return await input.fn(*input.args)\n\n  File \"/home/runner/work/sdk-python/sdk-python/tests/worker/test_activity.py\", line 205, in raise_error\n    raise RuntimeError(\"oh no!\")\n"
      application_failure_info {
        type: "RuntimeError"
      }
    }
  }
}

DEBUG    temporalio.worker._workflow_instance:_workflow_instance.py:1788 Workflow raised failure with run ID a0805cbd-5ef9-4b5c-b8a7-f5090c0f89f0
temporalio.exceptions.ApplicationError: RuntimeError: oh no!

The above exception was the direct cause of the following exception:

Traceback (most recent call last):
  File "/home/runner/work/sdk-python/sdk-python/temporalio/worker/_workflow_instance.py", line 1767, in _run_top_level_workflow_function
    await coro
  File "/home/runner/work/sdk-python/sdk-python/temporalio/worker/_workflow_instance.py", line 831, in run_workflow
    result = await self._inbound.execute_workflow(input)
  File "/home/runner/work/sdk-python/sdk-python/temporalio/testing/_workflow.py", line 493, in execute_workflow
    return await super().execute_workflow(input)
  File "/home/runner/work/sdk-python/sdk-python/temporalio/worker/_interceptor.py", line 328, in execute_workflow
    return await self.next.execute_workflow(input)
  File "/home/runner/work/sdk-python/sdk-python/temporalio/worker/_workflow_instance.py", line 2099, in execute_workflow
    return await input.run_fn(*args)
  File "/home/runner/work/sdk-python/sdk-python/tests/helpers/worker.py", line 97, in run
    should_return, ret = await self.handle_action(params, action)
  File "/home/runner/work/sdk-python/sdk-python/tests/helpers/worker.py", line 204, in handle_action
    raise task.exception()  # type: ignore
  File "/home/runner/work/sdk-python/sdk-python/tests/helpers/worker.py", line 193, in run_activity
    last_result = await task
  File "/home/runner/work/sdk-python/sdk-python/temporalio/worker/_workflow_instance.py", line 1423, in run_activity
    return await asyncio.shield(handle._result_fut)
temporalio.exceptions.ActivityError: Activity task failed
INFO     temporalio.worker._worker:_worker.py:523 Beginning worker shutdown, will wait 0:00:00 before cancelling activities