DEBUG    temporalio.worker._activity:_activity.py:276 Running activity wait_cancel (token b'\x00\x07default\x00$6dc822c6-3409-43a8-8960-15482d13576a\x00$2ec2c220-773f-4a67-832f-fd9612c7f4d2\x00\x00\x00\x00\x00\x00\x00\x05\x00\x00\x00\x01')
DEBUG    temporalio.activity:_activity.py:440 Starting activity ({'activity_id': '1', 'activity_type': 'wait_cancel', 'attempt': 1, 'namespace': 'default', 'task_queue': '2fda27f9-747f-4dde-bd65-0ab83003722b', 'workflow_id': '6dc822c6-3409-43a8-8960-15482d13576a', 'workflow_run_id': '2ec2c220-773f-4a67-832f-fd9612c7f4d2', 'workflow_type': 'kitchen_sink'})
DEBUG    temporalio.activity:_activity.py:255 Recording heartbeat with details () ({'activity_id': '1', 'activity_type': 'wait_cancel', 'attempt': 1, 'namespace': 'default', 'task_queue': '2fda27f9-747f-4dde-bd65-0ab83003722b', 'workflow_id': '6dc822c6-3409-43a8-8960-15482d13576a', 'workflow_run_id': '2ec2c220-773f-4a67-832f-fd9612c7f4d2', 'workflow_type': 'kitchen_sink'})
DEBUG    temporalio.worker._activity:_activity.py:216 Cancelling activity b'\x00\x07default\x00$6dc822c6-3409-43a8-8960-15482d13576a\x00$2ec2c220-773f-4a67-832f-fd9612c7f4d2\x00\x00\x00\x00\x00\x00\x00\x05\x00\x00\x00\x01', reason: 1
DEBUG    temporalio.activity:_activity.py:486 Completing as cancelled ({'activity_id': '1', 'activity_type': 'wait_cancel', 'attempt': 1, 'namespace': 'default', 'task_queue': '2fda27f9-747f-4dde-bd65-0ab83003722b', 'workflow_id': '6dc822c6-3409-43a8-8960-15482d13576a', 'workflow_run_id': '2ec2c220-773f-4a67-832f-fd9612c7f4d2', 'workflow_type': 'kitchen_sink'})
DEBUG    temporalio.worker._activity:_activity.py:527 Completing activity with completion: task_token: "\000\007default\000$6dc822c6-3409-43a8-8960-15482d13576a\000$2ec2c220-773f-4a67-832f-fd9612c7f4d2\000\000\000\000\000\000\000\005\000\000\000\001"
result {
  cancelled {
    failure {
      message: "Cancelled"
      canceled_failure_info {
      }
    }
  }
}

DEBUG    temporalio.worker._workflow_instance:_workflow_instance.py:1788 Workflow raised failure with run ID 2ec2c220-773f-4a67-832f-fd9612c7f4d2
temporalio.exceptions.CancelledError: Cancelled

The above exception was the direct cause of the following exception:

Traceback (most recent call last):
  File "/home/runner/work/sdk-python/sdk-python/temporalio/worker/_workflow_instance.py", line 1767, in _run_top_level_workflow_function
    await coro
  File "/home/runner/work/sdk-python/sdk-python/temporalio/worker/_workflow_instance.py", line 831, in run_workflow
    result = await self._inbound.execute_workflow(input)
  File "/home/runner/work/sdk-python/sdk-python/temporalio/testing/_workflow.py", line 493, in execute_workflow
    return await super().execute_workflow(input)
  File "/home/runner/work/sdk-python/sdk-python/temporalio/worker/_interceptor.py", line 328, in execute_workflow
    return await self.next.execute_workflow(input)
  File "/home/runner/work/sdk-python/sdk-python/temporalio/worker/_workflow_instance.py", line 2099, in execute_workflow
    return await input.run_fn(*args)
  File "/home/runner/work/sdk-python/sdk-python/tests/helpers/worker.py", line 97, in run
    should_return, ret = await self.handle_action(params, action)
  File "/home/runner/work/sdk-python/sdk-python/tests/helpers/worker.py", line 204, in handle_action
    raise task.exception()  # type: ignore
  File "/home/runner/work/sdk-python/sdk-python/tests/helpers/worker.py", line 193, in run_activity
    last_result = await task
  File "/home/runner/work/sdk-python/sdk-python/temporalio/worker/_workflow_instance.py", line 1423, in run_activity
    return await asyncio.shield(handle._result_fut)
temporalio.exceptions.ActivityError: Activity cancelled
INFO     temporalio.worker._worker:_worker.py:523 Beginning worker shutdown, will wait 0:00:00 before cancelling activities