ERROR    temporalio.worker._workflow:_workflow.py:271 Failed handling activation on workflow with run ID cf33d6f9-bf69-4dea-bbdb-c035d39194dc
Traceback (most recent call last):
  File "/home/runner/work/sdk-python/sdk-python/temporalio/worker/_workflow.py", line 249, in _handle_activation
    completion = await asyncio.wait_for(
  File "/opt/hostedtoolcache/Python/3.8.18/x64/lib/python3.8/asyncio/tasks.py", line 501, in wait_for
    raise exceptions.TimeoutError()
asyncio.exceptions.TimeoutError

During handling of the above exception, another exception occurred:

Traceback (most recent call last):
  File "/home/runner/work/sdk-python/sdk-python/temporalio/worker/_workflow.py", line 253, in _handle_activation
    raise RuntimeError(
RuntimeError: [TMPRL1101] Potential deadlock detected, workflow didn't yield within 1 second(s)
DEBUG    temporalio.worker._workflow:_workflow.py:299 Evicting workflow with run ID cf33d6f9-bf69-4dea-bbdb-c035d39194dc, message: Workflow activation completion failed: Failure { failure: Some(Failure { message: "[TMPRL1101] Potential deadlock detected, workflow didn't yield within 1 second(s)", source: "", stack_trace: "  File \"/home/runner/work/sdk-python/sdk-python/temporalio/worker/_workflow.py\", line 253, in _handle_activation\n    raise RuntimeError(\n", encoded_attributes: None, cause: None, failure_info: Some(ApplicationFailureInfo(ApplicationFailureInfo { r#type: "RuntimeError", non_retryable: false, details: None, next_retry_delay: None })) }), force_cause: Unspecified }
ERROR    temporalio.worker._workflow:_workflow.py:271 Failed handling activation on workflow with run ID cf33d6f9-bf69-4dea-bbdb-c035d39194dc
Traceback (most recent call last):
  File "/home/runner/work/sdk-python/sdk-python/temporalio/worker/_workflow.py", line 249, in _handle_activation
    completion = await asyncio.wait_for(
  File "/opt/hostedtoolcache/Python/3.8.18/x64/lib/python3.8/asyncio/tasks.py", line 501, in wait_for
    raise exceptions.TimeoutError()
asyncio.exceptions.TimeoutError

During handling of the above exception, another exception occurred:

Traceback (most recent call last):
  File "/home/runner/work/sdk-python/sdk-python/temporalio/worker/_workflow.py", line 253, in _handle_activation
    raise RuntimeError(
RuntimeError: [TMPRL1101] Potential deadlock detected, workflow didn't yield within 1 second(s)
INFO     temporalio.worker._worker:_worker.py:523 Beginning worker shutdown, will wait 0:00:00 before cancelling activities
DEBUG    temporalio.worker._workflow:_workflow.py:299 Evicting workflow with run ID cf33d6f9-bf69-4dea-bbdb-c035d39194dc, message: Workflow activation completion failed: Failure { failure: Some(Failure { message: "[TMPRL1101] Potential deadlock detected, workflow didn't yield within 1 second(s)", source: "", stack_trace: "  File \"/home/runner/work/sdk-python/sdk-python/temporalio/worker/_workflow.py\", line 253, in _handle_activation\n    raise RuntimeError(\n", encoded_attributes: None, cause: None, failure_info: Some(ApplicationFailureInfo(ApplicationFailureInfo { r#type: "RuntimeError", non_retryable: false, details: None, next_retry_delay: None })) }), force_cause: Unspecified }