ERROR    temporalio.worker._workflow:_workflow.py:271 Failed handling activation on workflow with run ID 4ae4afb3-4f5f-42e3-96f4-d28df48ecb2a
Traceback (most recent call last):
  File "/home/runner/work/sdk-python/sdk-python/temporalio/worker/_workflow.py", line 249, in _handle_activation
    completion = await asyncio.wait_for(
  File "/opt/hostedtoolcache/Python/3.8.18/arm64/lib/python3.8/asyncio/tasks.py", line 501, in wait_for
    raise exceptions.TimeoutError()
asyncio.exceptions.TimeoutError

During handling of the above exception, another exception occurred:

Traceback (most recent call last):
  File "/home/runner/work/sdk-python/sdk-python/temporalio/worker/_workflow.py", line 253, in _handle_activation
    raise RuntimeError(
RuntimeError: [TMPRL1101] Potential deadlock detected, workflow didn't yield within 1 second(s)
INFO     temporalio.worker._worker:_worker.py:517 Worker cancelled, shutting down
INFO     temporalio.worker._worker:_worker.py:523 Beginning worker shutdown, will wait 0:00:00 before cancelling activities