DEBUG    temporalio.worker._activity:_activity.py:276 Running activity picklable_activity_raise_cancel (token b'\x00\x07default\x00$9bac0861-7cdb-4a58-91f8-6030d03ac0ce\x00$9091dfe3-64eb-427e-af31-cd2a9a49751e\x00\x00\x00\x00\x00\x00\x00\x05\x00\x00\x00\x01')
DEBUG    temporalio.activity:_activity.py:440 Starting activity ({'activity_id': '1', 'activity_type': 'picklable_activity_raise_cancel', 'attempt': 1, 'namespace': 'default', 'task_queue': 'b4f561fb-4673-4134-a9f8-cc1490240661', 'workflow_id': '9bac0861-7cdb-4a58-91f8-6030d03ac0ce', 'workflow_run_id': '9091dfe3-64eb-427e-af31-cd2a9a49751e', 'workflow_type': 'kitchen_sink'})
DEBUG    temporalio.activity:_activity.py:255 Recording heartbeat with details () ({'activity_id': '1', 'activity_type': 'picklable_activity_raise_cancel', 'attempt': 1, 'namespace': 'default', 'task_queue': 'b4f561fb-4673-4134-a9f8-cc1490240661', 'workflow_id': '9bac0861-7cdb-4a58-91f8-6030d03ac0ce', 'workflow_run_id': '9091dfe3-64eb-427e-af31-cd2a9a49751e', 'workflow_type': 'kitchen_sink'})
DEBUG    temporalio.worker._activity:_activity.py:216 Cancelling activity b'\x00\x07default\x00$9bac0861-7cdb-4a58-91f8-6030d03ac0ce\x00$9091dfe3-64eb-427e-af31-cd2a9a49751e\x00\x00\x00\x00\x00\x00\x00\x05\x00\x00\x00\x01', reason: 1
DEBUG    temporalio.activity:_activity.py:255 Recording heartbeat with details () ({'activity_id': '1', 'activity_type': 'picklable_activity_raise_cancel', 'attempt': 1, 'namespace': 'default', 'task_queue': 'b4f561fb-4673-4134-a9f8-cc1490240661', 'workflow_id': '9bac0861-7cdb-4a58-91f8-6030d03ac0ce', 'workflow_run_id': '9091dfe3-64eb-427e-af31-cd2a9a49751e', 'workflow_type': 'kitchen_sink'})
DEBUG    temporalio.activity:_activity.py:486 Completing as cancelled ({'activity_id': '1', 'activity_type': 'picklable_activity_raise_cancel', 'attempt': 1, 'namespace': 'default', 'task_queue': 'b4f561fb-4673-4134-a9f8-cc1490240661', 'workflow_id': '9bac0861-7cdb-4a58-91f8-6030d03ac0ce', 'workflow_run_id': '9091dfe3-64eb-427e-af31-cd2a9a49751e', 'workflow_type': 'kitchen_sink'})
DEBUG    temporalio.worker._activity:_activity.py:527 Completing activity with completion: task_token: "\000\007default\000$9bac0861-7cdb-4a58-91f8-6030d03ac0ce\000$9091dfe3-64eb-427e-af31-cd2a9a49751e\000\000\000\000\000\000\000\005\000\000\000\001"
result {
  cancelled {
    failure {
      message: "Cancelled"
      canceled_failure_info {
      }
    }
  }
}

DEBUG    temporalio.worker._workflow_instance:_workflow_instance.py:1788 Workflow raised failure with run ID 9091dfe3-64eb-427e-af31-cd2a9a49751e
temporalio.exceptions.CancelledError: Cancelled

The above exception was the direct cause of the following exception:

Traceback (most recent call last):
  File "/home/runner/work/sdk-python/sdk-python/temporalio/worker/_workflow_instance.py", line 1767, in _run_top_level_workflow_function
    await coro
  File "/home/runner/work/sdk-python/sdk-python/temporalio/worker/_workflow_instance.py", line 831, in run_workflow
    result = await self._inbound.execute_workflow(input)
  File "/home/runner/work/sdk-python/sdk-python/temporalio/testing/_workflow.py", line 493, in execute_workflow
    return await super().execute_workflow(input)
  File "/home/runner/work/sdk-python/sdk-python/temporalio/worker/_interceptor.py", line 328, in execute_workflow
    return await self.next.execute_workflow(input)
  File "/home/runner/work/sdk-python/sdk-python/temporalio/worker/_workflow_instance.py", line 2099, in execute_workflow
    return await input.run_fn(*args)
  File "/home/runner/work/sdk-python/sdk-python/tests/helpers/worker.py", line 97, in run
    should_return, ret = await self.handle_action(params, action)
  File "/home/runner/work/sdk-python/sdk-python/tests/helpers/worker.py", line 204, in handle_action
    raise task.exception()  # type: ignore
  File "/home/runner/work/sdk-python/sdk-python/tests/helpers/worker.py", line 193, in run_activity
    last_result = await task
  File "/home/runner/work/sdk-python/sdk-python/temporalio/worker/_workflow_instance.py", line 1423, in run_activity
    return await asyncio.shield(handle._result_fut)
temporalio.exceptions.ActivityError: Activity cancelled
INFO     temporalio.worker._worker:_worker.py:523 Beginning worker shutdown, will wait 0:00:00 before cancelling activities