WARNING  temporalio.worker.workflow_sandbox._restrictions:_restrictions.py:783 __call__ on os.getcwd restricted
DEBUG    temporalio.worker._workflow_instance:_workflow_instance.py:1788 Workflow raised failure with run ID 7370b24d-0471-4ff6-b1b2-28bd25ee2149
Traceback (most recent call last):
  File "/home/runner/work/sdk-python/sdk-python/tests/worker/workflow_sandbox/test_runner.py", line 149, in run
    exec(code)
  File "<string>", line 2, in <module>
  File "/home/runner/work/sdk-python/sdk-python/temporalio/worker/workflow_sandbox/_restrictions.py", line 964, in __call__
    state.assert_child_not_restricted("__call__")
  File "/home/runner/work/sdk-python/sdk-python/temporalio/worker/workflow_sandbox/_restrictions.py", line 792, in assert_child_not_restricted
    raise RestrictedWorkflowAccessError(
temporalio.worker.workflow_sandbox._restrictions.RestrictedWorkflowAccessError: Cannot access os.getcwd.__call__ from inside a workflow. If this is code from a module not used in a workflow or known to only be used deterministically from a workflow, mark the import as pass through.

The above exception was the direct cause of the following exception:

Traceback (most recent call last):
  File "/home/runner/work/sdk-python/sdk-python/temporalio/worker/_workflow_instance.py", line 1767, in _run_top_level_workflow_function
    await coro
  File "/home/runner/work/sdk-python/sdk-python/temporalio/worker/_workflow_instance.py", line 831, in run_workflow
    result = await self._inbound.execute_workflow(input)
             ^^^^^^^^^^^^^^^^^^^^^^^^^^^^^^^^^^^^^^^^^^^
  File "/home/runner/work/sdk-python/sdk-python/temporalio/testing/_workflow.py", line 493, in execute_workflow
    return await super().execute_workflow(input)
           ^^^^^^^^^^^^^^^^^^^^^^^^^^^^^^^^^^^^^
  File "/home/runner/work/sdk-python/sdk-python/temporalio/worker/_interceptor.py", line 328, in execute_workflow
    return await self.next.execute_workflow(input)
           ^^^^^^^^^^^^^^^^^^^^^^^^^^^^^^^^^^^^^^^
  File "/home/runner/work/sdk-python/sdk-python/temporalio/worker/_workflow_instance.py", line 2099, in execute_workflow
    return await input.run_fn(*args)
           ^^^^^^^^^^^^^^^^^^^^^^^^^
  File "/home/runner/work/sdk-python/sdk-python/tests/worker/workflow_sandbox/test_runner.py", line 151, in run
    raise ApplicationError(
temporalio.exceptions.ApplicationError: RestrictedWorkflowAccessError: Cannot access os.getcwd.__call__ from inside a workflow. If this is code from a module not used in a workflow or known to only be used deterministically from a workflow, mark the import as pass through.
WARNING  temporalio.worker.workflow_sandbox._restrictions:_restrictions.py:783 __call__ on os.getcwd restricted
DEBUG    temporalio.worker._workflow_instance:_workflow_instance.py:1788 Workflow raised failure with run ID d58c1ba3-39a5-44fa-8fed-33b144d3a1bc
Traceback (most recent call last):
  File "/home/runner/work/sdk-python/sdk-python/tests/worker/workflow_sandbox/test_runner.py", line 149, in run
    exec(code)
  File "<string>", line 3, in <module>
  File "/home/runner/work/sdk-python/sdk-python/temporalio/worker/workflow_sandbox/_restrictions.py", line 964, in __call__
    state.assert_child_not_restricted("__call__")
  File "/home/runner/work/sdk-python/sdk-python/temporalio/worker/workflow_sandbox/_restrictions.py", line 792, in assert_child_not_restricted
    raise RestrictedWorkflowAccessError(
temporalio.worker.workflow_sandbox._restrictions.RestrictedWorkflowAccessError: Cannot access os.getcwd.__call__ from inside a workflow. If this is code from a module not used in a workflow or known to only be used deterministically from a workflow, mark the import as pass through.

The above exception was the direct cause of the following exception:

Traceback (most recent call last):
  File "/home/runner/work/sdk-python/sdk-python/temporalio/worker/_workflow_instance.py", line 1767, in _run_top_level_workflow_function
    await coro
  File "/home/runner/work/sdk-python/sdk-python/temporalio/worker/_workflow_instance.py", line 831, in run_workflow
    result = await self._inbound.execute_workflow(input)
             ^^^^^^^^^^^^^^^^^^^^^^^^^^^^^^^^^^^^^^^^^^^
  File "/home/runner/work/sdk-python/sdk-python/temporalio/testing/_workflow.py", line 493, in execute_workflow
    return await super().execute_workflow(input)
           ^^^^^^^^^^^^^^^^^^^^^^^^^^^^^^^^^^^^^
  File "/home/runner/work/sdk-python/sdk-python/temporalio/worker/_interceptor.py", line 328, in execute_workflow
    return await self.next.execute_workflow(input)
           ^^^^^^^^^^^^^^^^^^^^^^^^^^^^^^^^^^^^^^^
  File "/home/runner/work/sdk-python/sdk-python/temporalio/worker/_workflow_instance.py", line 2099, in execute_workflow
    return await input.run_fn(*args)
           ^^^^^^^^^^^^^^^^^^^^^^^^^
  File "/home/runner/work/sdk-python/sdk-python/tests/worker/workflow_sandbox/test_runner.py", line 151, in run
    raise ApplicationError(
temporalio.exceptions.ApplicationError: RestrictedWorkflowAccessError: Cannot access os.getcwd.__call__ from inside a workflow. If this is code from a module not used in a workflow or known to only be used deterministically from a workflow, mark the import as pass through.
WARNING  temporalio.worker.workflow_sandbox._restrictions:_restrictions.py:783 __call__ on glob.glob restricted
DEBUG    temporalio.worker._workflow_instance:_workflow_instance.py:1788 Workflow raised failure with run ID ae185d47-e173-4cce-ae0b-efe4f6ac4166
Traceback (most recent call last):
  File "/home/runner/work/sdk-python/sdk-python/tests/worker/workflow_sandbox/test_runner.py", line 149, in run
    exec(code)
  File "<string>", line 2, in <module>
  File "/home/runner/work/sdk-python/sdk-python/temporalio/worker/workflow_sandbox/_restrictions.py", line 964, in __call__
    state.assert_child_not_restricted("__call__")
  File "/home/runner/work/sdk-python/sdk-python/temporalio/worker/workflow_sandbox/_restrictions.py", line 792, in assert_child_not_restricted
    raise RestrictedWorkflowAccessError(
temporalio.worker.workflow_sandbox._restrictions.RestrictedWorkflowAccessError: Cannot access glob.glob.__call__ from inside a workflow. If this is code from a module not used in a workflow or known to only be used deterministically from a workflow, mark the import as pass through.

The above exception was the direct cause of the following exception:

Traceback (most recent call last):
  File "/home/runner/work/sdk-python/sdk-python/temporalio/worker/_workflow_instance.py", line 1767, in _run_top_level_workflow_function
    await coro
  File "/home/runner/work/sdk-python/sdk-python/temporalio/worker/_workflow_instance.py", line 831, in run_workflow
    result = await self._inbound.execute_workflow(input)
             ^^^^^^^^^^^^^^^^^^^^^^^^^^^^^^^^^^^^^^^^^^^
  File "/home/runner/work/sdk-python/sdk-python/temporalio/testing/_workflow.py", line 493, in execute_workflow
    return await super().execute_workflow(input)
           ^^^^^^^^^^^^^^^^^^^^^^^^^^^^^^^^^^^^^
  File "/home/runner/work/sdk-python/sdk-python/temporalio/worker/_interceptor.py", line 328, in execute_workflow
    return await self.next.execute_workflow(input)
           ^^^^^^^^^^^^^^^^^^^^^^^^^^^^^^^^^^^^^^^
  File "/home/runner/work/sdk-python/sdk-python/temporalio/worker/_workflow_instance.py", line 2099, in execute_workflow
    return await input.run_fn(*args)
           ^^^^^^^^^^^^^^^^^^^^^^^^^
  File "/home/runner/work/sdk-python/sdk-python/tests/worker/workflow_sandbox/test_runner.py", line 151, in run
    raise ApplicationError(
temporalio.exceptions.ApplicationError: RestrictedWorkflowAccessError: Cannot access glob.glob.__call__ from inside a workflow. If this is code from a module not used in a workflow or known to only be used deterministically from a workflow, mark the import as pass through.
WARNING  temporalio.worker.workflow_sandbox._restrictions:_restrictions.py:783 name on os restricted
DEBUG    temporalio.worker._workflow_instance:_workflow_instance.py:1788 Workflow raised failure with run ID 754286e8-270f-45bb-af46-f8e836299e8d
Traceback (most recent call last):
  File "/home/runner/work/sdk-python/sdk-python/tests/worker/workflow_sandbox/test_runner.py", line 149, in run
    exec(code)
  File "<string>", line 2, in <module>
  File "/home/runner/work/sdk-python/sdk-python/temporalio/worker/workflow_sandbox/_restrictions.py", line 942, in __getattribute__
    state.assert_child_not_restricted(__name)
  File "/home/runner/work/sdk-python/sdk-python/temporalio/worker/workflow_sandbox/_restrictions.py", line 792, in assert_child_not_restricted
    raise RestrictedWorkflowAccessError(
temporalio.worker.workflow_sandbox._restrictions.RestrictedWorkflowAccessError: Cannot access os.name from inside a workflow. If this is code from a module not used in a workflow or known to only be used deterministically from a workflow, mark the import as pass through.

The above exception was the direct cause of the following exception:

Traceback (most recent call last):
  File "/home/runner/work/sdk-python/sdk-python/temporalio/worker/_workflow_instance.py", line 1767, in _run_top_level_workflow_function
    await coro
  File "/home/runner/work/sdk-python/sdk-python/temporalio/worker/_workflow_instance.py", line 831, in run_workflow
    result = await self._inbound.execute_workflow(input)
             ^^^^^^^^^^^^^^^^^^^^^^^^^^^^^^^^^^^^^^^^^^^
  File "/home/runner/work/sdk-python/sdk-python/temporalio/testing/_workflow.py", line 493, in execute_workflow
    return await super().execute_workflow(input)
           ^^^^^^^^^^^^^^^^^^^^^^^^^^^^^^^^^^^^^
  File "/home/runner/work/sdk-python/sdk-python/temporalio/worker/_interceptor.py", line 328, in execute_workflow
    return await self.next.execute_workflow(input)
           ^^^^^^^^^^^^^^^^^^^^^^^^^^^^^^^^^^^^^^^
  File "/home/runner/work/sdk-python/sdk-python/temporalio/worker/_workflow_instance.py", line 2099, in execute_workflow
    return await input.run_fn(*args)
           ^^^^^^^^^^^^^^^^^^^^^^^^^
  File "/home/runner/work/sdk-python/sdk-python/tests/worker/workflow_sandbox/test_runner.py", line 151, in run
    raise ApplicationError(
temporalio.exceptions.ApplicationError: RestrictedWorkflowAccessError: Cannot access os.name from inside a workflow. If this is code from a module not used in a workflow or known to only be used deterministically from a workflow, mark the import as pass through.
DEBUG    temporalio.worker._workflow_instance:_workflow_instance.py:1788 Workflow raised failure with run ID ed124a65-dc7c-437c-8282-4e7541bcd3ba
Traceback (most recent call last):
  File "/home/runner/work/sdk-python/sdk-python/tests/worker/workflow_sandbox/test_runner.py", line 149, in run
    exec(code)
  File "<string>", line 1, in <module>
  File "/home/runner/work/sdk-python/sdk-python/temporalio/worker/workflow_sandbox/_importer.py", line 441, in __call__
    return self.current(*args, **kwargs)
           ^^^^^^^^^^^^^^^^^^^^^^^^^^^^^
  File "/home/runner/work/sdk-python/sdk-python/temporalio/worker/workflow_sandbox/_importer.py", line 94, in restrict_built_in
    raise RestrictedWorkflowAccessError(f"__builtins__.{name}")
temporalio.worker.workflow_sandbox._restrictions.RestrictedWorkflowAccessError: Cannot access __builtins__.open from inside a workflow. If this is code from a module not used in a workflow or known to only be used deterministically from a workflow, mark the import as pass through.

The above exception was the direct cause of the following exception:

Traceback (most recent call last):
  File "/home/runner/work/sdk-python/sdk-python/temporalio/worker/_workflow_instance.py", line 1767, in _run_top_level_workflow_function
    await coro
  File "/home/runner/work/sdk-python/sdk-python/temporalio/worker/_workflow_instance.py", line 831, in run_workflow
    result = await self._inbound.execute_workflow(input)
             ^^^^^^^^^^^^^^^^^^^^^^^^^^^^^^^^^^^^^^^^^^^
  File "/home/runner/work/sdk-python/sdk-python/temporalio/testing/_workflow.py", line 493, in execute_workflow
    return await super().execute_workflow(input)
           ^^^^^^^^^^^^^^^^^^^^^^^^^^^^^^^^^^^^^
  File "/home/runner/work/sdk-python/sdk-python/temporalio/worker/_interceptor.py", line 328, in execute_workflow
    return await self.next.execute_workflow(input)
           ^^^^^^^^^^^^^^^^^^^^^^^^^^^^^^^^^^^^^^^
  File "/home/runner/work/sdk-python/sdk-python/temporalio/worker/_workflow_instance.py", line 2099, in execute_workflow
    return await input.run_fn(*args)
           ^^^^^^^^^^^^^^^^^^^^^^^^^
  File "/home/runner/work/sdk-python/sdk-python/tests/worker/workflow_sandbox/test_runner.py", line 151, in run
    raise ApplicationError(
temporalio.exceptions.ApplicationError: RestrictedWorkflowAccessError: Cannot access __builtins__.open from inside a workflow. If this is code from a module not used in a workflow or known to only be used deterministically from a workflow, mark the import as pass through.
WARNING  temporalio.worker.workflow_sandbox._restrictions:_restrictions.py:783 __call__ on random.choice restricted
DEBUG    temporalio.worker._workflow_instance:_workflow_instance.py:1788 Workflow raised failure with run ID c1cd64d4-7b67-4e1f-a7c1-719178d7c2cf
Traceback (most recent call last):
  File "/home/runner/work/sdk-python/sdk-python/tests/worker/workflow_sandbox/test_runner.py", line 149, in run
    exec(code)
  File "<string>", line 1, in <module>
  File "/home/runner/work/sdk-python/sdk-python/temporalio/worker/workflow_sandbox/_importer.py", line 441, in __call__
    return self.current(*args, **kwargs)
           ^^^^^^^^^^^^^^^^^^^^^^^^^^^^^
  File "/home/runner/work/sdk-python/sdk-python/temporalio/worker/workflow_sandbox/_importer.py", line 234, in _import
    mod = importlib.__import__(name, globals, locals, fromlist, level)
          ^^^^^^^^^^^^^^^^^^^^^^^^^^^^^^^^^^^^^^^^^^^^^^^^^^^^^^^^^^^^
  File "<frozen importlib._bootstrap>", line 1466, in __import__
  File "<frozen importlib._bootstrap>", line 1387, in _gcd_import
  File "<frozen importlib._bootstrap>", line 1360, in _find_and_load
  File "<frozen importlib._bootstrap>", line 1331, in _find_and_load_unlocked
  File "<frozen importlib._bootstrap>", line 935, in _load_unlocked
  File "<frozen importlib._bootstrap_external>", line 995, in exec_module
  File "<frozen importlib._bootstrap>", line 488, in _call_with_frames_removed
  File "/home/runner/work/sdk-python/sdk-python/tests/worker/workflow_sandbox/testmodules/module_calling_invalid.py", line 3, in <module>
    random.choice(["foo", "bar"])
  File "/home/runner/work/sdk-python/sdk-python/temporalio/worker/workflow_sandbox/_restrictions.py", line 964, in __call__
    state.assert_child_not_restricted("__call__")
  File "/home/runner/work/sdk-python/sdk-python/temporalio/worker/workflow_sandbox/_restrictions.py", line 792, in assert_child_not_restricted
    raise RestrictedWorkflowAccessError(
temporalio.worker.workflow_sandbox._restrictions.RestrictedWorkflowAccessError: Cannot access random.choice.__call__ from inside a workflow. If this is code from a module not used in a workflow or known to only be used deterministically from a workflow, mark the import as pass through.

The above exception was the direct cause of the following exception:

Traceback (most recent call last):
  File "/home/runner/work/sdk-python/sdk-python/temporalio/worker/_workflow_instance.py", line 1767, in _run_top_level_workflow_function
    await coro
  File "/home/runner/work/sdk-python/sdk-python/temporalio/worker/_workflow_instance.py", line 831, in run_workflow
    result = await self._inbound.execute_workflow(input)
             ^^^^^^^^^^^^^^^^^^^^^^^^^^^^^^^^^^^^^^^^^^^
  File "/home/runner/work/sdk-python/sdk-python/temporalio/testing/_workflow.py", line 493, in execute_workflow
    return await super().execute_workflow(input)
           ^^^^^^^^^^^^^^^^^^^^^^^^^^^^^^^^^^^^^
  File "/home/runner/work/sdk-python/sdk-python/temporalio/worker/_interceptor.py", line 328, in execute_workflow
    return await self.next.execute_workflow(input)
           ^^^^^^^^^^^^^^^^^^^^^^^^^^^^^^^^^^^^^^^
  File "/home/runner/work/sdk-python/sdk-python/temporalio/worker/_workflow_instance.py", line 2099, in execute_workflow
    return await input.run_fn(*args)
           ^^^^^^^^^^^^^^^^^^^^^^^^^
  File "/home/runner/work/sdk-python/sdk-python/tests/worker/workflow_sandbox/test_runner.py", line 151, in run
    raise ApplicationError(
temporalio.exceptions.ApplicationError: RestrictedWorkflowAccessError: Cannot access random.choice.__call__ from inside a workflow. If this is code from a module not used in a workflow or known to only be used deterministically from a workflow, mark the import as pass through.
WARNING  temporalio.worker.workflow_sandbox._restrictions:_restrictions.py:783 __call__ on datetime.date.today restricted
DEBUG    temporalio.worker._workflow_instance:_workflow_instance.py:1788 Workflow raised failure with run ID ecf49af5-cbdb-4499-b950-a43d84af1471
Traceback (most recent call last):
  File "/home/runner/work/sdk-python/sdk-python/tests/worker/workflow_sandbox/test_runner.py", line 149, in run
    exec(code)
  File "<string>", line 2, in <module>
  File "/home/runner/work/sdk-python/sdk-python/temporalio/worker/workflow_sandbox/_restrictions.py", line 964, in __call__
    state.assert_child_not_restricted("__call__")
  File "/home/runner/work/sdk-python/sdk-python/temporalio/worker/workflow_sandbox/_restrictions.py", line 792, in assert_child_not_restricted
    raise RestrictedWorkflowAccessError(
temporalio.worker.workflow_sandbox._restrictions.RestrictedWorkflowAccessError: Cannot access datetime.date.today.__call__ from inside a workflow. If this is code from a module not used in a workflow or known to only be used deterministically from a workflow, mark the import as pass through.

The above exception was the direct cause of the following exception:

Traceback (most recent call last):
  File "/home/runner/work/sdk-python/sdk-python/temporalio/worker/_workflow_instance.py", line 1767, in _run_top_level_workflow_function
    await coro
  File "/home/runner/work/sdk-python/sdk-python/temporalio/worker/_workflow_instance.py", line 831, in run_workflow
    result = await self._inbound.execute_workflow(input)
             ^^^^^^^^^^^^^^^^^^^^^^^^^^^^^^^^^^^^^^^^^^^
  File "/home/runner/work/sdk-python/sdk-python/temporalio/testing/_workflow.py", line 493, in execute_workflow
    return await super().execute_workflow(input)
           ^^^^^^^^^^^^^^^^^^^^^^^^^^^^^^^^^^^^^
  File "/home/runner/work/sdk-python/sdk-python/temporalio/worker/_interceptor.py", line 328, in execute_workflow
    return await self.next.execute_workflow(input)
           ^^^^^^^^^^^^^^^^^^^^^^^^^^^^^^^^^^^^^^^
  File "/home/runner/work/sdk-python/sdk-python/temporalio/worker/_workflow_instance.py", line 2099, in execute_workflow
    return await input.run_fn(*args)
           ^^^^^^^^^^^^^^^^^^^^^^^^^
  File "/home/runner/work/sdk-python/sdk-python/tests/worker/workflow_sandbox/test_runner.py", line 151, in run
    raise ApplicationError(
temporalio.exceptions.ApplicationError: RestrictedWorkflowAccessError: Cannot access datetime.date.today.__call__ from inside a workflow. If this is code from a module not used in a workflow or known to only be used deterministically from a workflow, mark the import as pass through.
WARNING  temporalio.worker.workflow_sandbox._restrictions:_restrictions.py:783 __call__ on datetime.datetime.now restricted
DEBUG    temporalio.worker._workflow_instance:_workflow_instance.py:1788 Workflow raised failure with run ID 9d84be40-7374-4549-a86b-22656902387f
Traceback (most recent call last):
  File "/home/runner/work/sdk-python/sdk-python/tests/worker/workflow_sandbox/test_runner.py", line 149, in run
    exec(code)
  File "<string>", line 2, in <module>
  File "/home/runner/work/sdk-python/sdk-python/temporalio/worker/workflow_sandbox/_restrictions.py", line 964, in __call__
    state.assert_child_not_restricted("__call__")
  File "/home/runner/work/sdk-python/sdk-python/temporalio/worker/workflow_sandbox/_restrictions.py", line 792, in assert_child_not_restricted
    raise RestrictedWorkflowAccessError(
temporalio.worker.workflow_sandbox._restrictions.RestrictedWorkflowAccessError: Cannot access datetime.datetime.now.__call__ from inside a workflow. If this is code from a module not used in a workflow or known to only be used deterministically from a workflow, mark the import as pass through.

The above exception was the direct cause of the following exception:

Traceback (most recent call last):
  File "/home/runner/work/sdk-python/sdk-python/temporalio/worker/_workflow_instance.py", line 1767, in _run_top_level_workflow_function
    await coro
  File "/home/runner/work/sdk-python/sdk-python/temporalio/worker/_workflow_instance.py", line 831, in run_workflow
    result = await self._inbound.execute_workflow(input)
             ^^^^^^^^^^^^^^^^^^^^^^^^^^^^^^^^^^^^^^^^^^^
  File "/home/runner/work/sdk-python/sdk-python/temporalio/testing/_workflow.py", line 493, in execute_workflow
    return await super().execute_workflow(input)
           ^^^^^^^^^^^^^^^^^^^^^^^^^^^^^^^^^^^^^
  File "/home/runner/work/sdk-python/sdk-python/temporalio/worker/_interceptor.py", line 328, in execute_workflow
    return await self.next.execute_workflow(input)
           ^^^^^^^^^^^^^^^^^^^^^^^^^^^^^^^^^^^^^^^
  File "/home/runner/work/sdk-python/sdk-python/temporalio/worker/_workflow_instance.py", line 2099, in execute_workflow
    return await input.run_fn(*args)
           ^^^^^^^^^^^^^^^^^^^^^^^^^
  File "/home/runner/work/sdk-python/sdk-python/tests/worker/workflow_sandbox/test_runner.py", line 151, in run
    raise ApplicationError(
temporalio.exceptions.ApplicationError: RestrictedWorkflowAccessError: Cannot access datetime.datetime.now.__call__ from inside a workflow. If this is code from a module not used in a workflow or known to only be used deterministically from a workflow, mark the import as pass through.
WARNING  temporalio.worker.workflow_sandbox._restrictions:_restrictions.py:783 foo on os.environ restricted
DEBUG    temporalio.worker._workflow_instance:_workflow_instance.py:1788 Workflow raised failure with run ID c52aae09-952a-4f53-a69f-03f6e3d0db03
Traceback (most recent call last):
  File "/home/runner/work/sdk-python/sdk-python/tests/worker/workflow_sandbox/test_runner.py", line 149, in run
    exec(code)
  File "<string>", line 2, in <module>
  File "/home/runner/work/sdk-python/sdk-python/temporalio/worker/workflow_sandbox/_restrictions.py", line 942, in __getattribute__
    state.assert_child_not_restricted(__name)
  File "/home/runner/work/sdk-python/sdk-python/temporalio/worker/workflow_sandbox/_restrictions.py", line 792, in assert_child_not_restricted
    raise RestrictedWorkflowAccessError(
temporalio.worker.workflow_sandbox._restrictions.RestrictedWorkflowAccessError: Cannot access os.environ.foo from inside a workflow. If this is code from a module not used in a workflow or known to only be used deterministically from a workflow, mark the import as pass through.

The above exception was the direct cause of the following exception:

Traceback (most recent call last):
  File "/home/runner/work/sdk-python/sdk-python/temporalio/worker/_workflow_instance.py", line 1767, in _run_top_level_workflow_function
    await coro
  File "/home/runner/work/sdk-python/sdk-python/temporalio/worker/_workflow_instance.py", line 831, in run_workflow
    result = await self._inbound.execute_workflow(input)
             ^^^^^^^^^^^^^^^^^^^^^^^^^^^^^^^^^^^^^^^^^^^
  File "/home/runner/work/sdk-python/sdk-python/temporalio/testing/_workflow.py", line 493, in execute_workflow
    return await super().execute_workflow(input)
           ^^^^^^^^^^^^^^^^^^^^^^^^^^^^^^^^^^^^^
  File "/home/runner/work/sdk-python/sdk-python/temporalio/worker/_interceptor.py", line 328, in execute_workflow
    return await self.next.execute_workflow(input)
           ^^^^^^^^^^^^^^^^^^^^^^^^^^^^^^^^^^^^^^^
  File "/home/runner/work/sdk-python/sdk-python/temporalio/worker/_workflow_instance.py", line 2099, in execute_workflow
    return await input.run_fn(*args)
           ^^^^^^^^^^^^^^^^^^^^^^^^^
  File "/home/runner/work/sdk-python/sdk-python/tests/worker/workflow_sandbox/test_runner.py", line 151, in run
    raise ApplicationError(
temporalio.exceptions.ApplicationError: RestrictedWorkflowAccessError: Cannot access os.environ.foo from inside a workflow. If this is code from a module not used in a workflow or known to only be used deterministically from a workflow, mark the import as pass through.
WARNING  temporalio.worker.workflow_sandbox._restrictions:_restrictions.py:783 __call__ on os.getenv restricted
DEBUG    temporalio.worker._workflow_instance:_workflow_instance.py:1788 Workflow raised failure with run ID a387bf3b-59f8-40d6-af82-c35023632b36
Traceback (most recent call last):
  File "/home/runner/work/sdk-python/sdk-python/tests/worker/workflow_sandbox/test_runner.py", line 149, in run
    exec(code)
  File "<string>", line 2, in <module>
  File "/home/runner/work/sdk-python/sdk-python/temporalio/worker/workflow_sandbox/_restrictions.py", line 964, in __call__
    state.assert_child_not_restricted("__call__")
  File "/home/runner/work/sdk-python/sdk-python/temporalio/worker/workflow_sandbox/_restrictions.py", line 792, in assert_child_not_restricted
    raise RestrictedWorkflowAccessError(
temporalio.worker.workflow_sandbox._restrictions.RestrictedWorkflowAccessError: Cannot access os.getenv.__call__ from inside a workflow. If this is code from a module not used in a workflow or known to only be used deterministically from a workflow, mark the import as pass through.

The above exception was the direct cause of the following exception:

Traceback (most recent call last):
  File "/home/runner/work/sdk-python/sdk-python/temporalio/worker/_workflow_instance.py", line 1767, in _run_top_level_workflow_function
    await coro
  File "/home/runner/work/sdk-python/sdk-python/temporalio/worker/_workflow_instance.py", line 831, in run_workflow
    result = await self._inbound.execute_workflow(input)
             ^^^^^^^^^^^^^^^^^^^^^^^^^^^^^^^^^^^^^^^^^^^
  File "/home/runner/work/sdk-python/sdk-python/temporalio/testing/_workflow.py", line 493, in execute_workflow
    return await super().execute_workflow(input)
           ^^^^^^^^^^^^^^^^^^^^^^^^^^^^^^^^^^^^^
  File "/home/runner/work/sdk-python/sdk-python/temporalio/worker/_interceptor.py", line 328, in execute_workflow
    return await self.next.execute_workflow(input)
           ^^^^^^^^^^^^^^^^^^^^^^^^^^^^^^^^^^^^^^^
  File "/home/runner/work/sdk-python/sdk-python/temporalio/worker/_workflow_instance.py", line 2099, in execute_workflow
    return await input.run_fn(*args)
           ^^^^^^^^^^^^^^^^^^^^^^^^^
  File "/home/runner/work/sdk-python/sdk-python/tests/worker/workflow_sandbox/test_runner.py", line 151, in run
    raise ApplicationError(
temporalio.exceptions.ApplicationError: RestrictedWorkflowAccessError: Cannot access os.getenv.__call__ from inside a workflow. If this is code from a module not used in a workflow or known to only be used deterministically from a workflow, mark the import as pass through.
WARNING  temporalio.worker.workflow_sandbox._restrictions:_restrictions.py:783 abspath on os.path restricted
DEBUG    temporalio.worker._workflow_instance:_workflow_instance.py:1788 Workflow raised failure with run ID 6c49fd7e-5a7d-4aed-bb45-247267c3c86f
Traceback (most recent call last):
  File "/home/runner/work/sdk-python/sdk-python/tests/worker/workflow_sandbox/test_runner.py", line 149, in run
    exec(code)
  File "<string>", line 2, in <module>
  File "/home/runner/work/sdk-python/sdk-python/temporalio/worker/workflow_sandbox/_restrictions.py", line 942, in __getattribute__
    state.assert_child_not_restricted(__name)
  File "/home/runner/work/sdk-python/sdk-python/temporalio/worker/workflow_sandbox/_restrictions.py", line 792, in assert_child_not_restricted
    raise RestrictedWorkflowAccessError(
temporalio.worker.workflow_sandbox._restrictions.RestrictedWorkflowAccessError: Cannot access os.path.abspath from inside a workflow. If this is code from a module not used in a workflow or known to only be used deterministically from a workflow, mark the import as pass through.

The above exception was the direct cause of the following exception:

Traceback (most recent call last):
  File "/home/runner/work/sdk-python/sdk-python/temporalio/worker/_workflow_instance.py", line 1767, in _run_top_level_workflow_function
    await coro
  File "/home/runner/work/sdk-python/sdk-python/temporalio/worker/_workflow_instance.py", line 831, in run_workflow
    result = await self._inbound.execute_workflow(input)
             ^^^^^^^^^^^^^^^^^^^^^^^^^^^^^^^^^^^^^^^^^^^
  File "/home/runner/work/sdk-python/sdk-python/temporalio/testing/_workflow.py", line 493, in execute_workflow
    return await super().execute_workflow(input)
           ^^^^^^^^^^^^^^^^^^^^^^^^^^^^^^^^^^^^^
  File "/home/runner/work/sdk-python/sdk-python/temporalio/worker/_interceptor.py", line 328, in execute_workflow
    return await self.next.execute_workflow(input)
           ^^^^^^^^^^^^^^^^^^^^^^^^^^^^^^^^^^^^^^^
  File "/home/runner/work/sdk-python/sdk-python/temporalio/worker/_workflow_instance.py", line 2099, in execute_workflow
    return await input.run_fn(*args)
           ^^^^^^^^^^^^^^^^^^^^^^^^^
  File "/home/runner/work/sdk-python/sdk-python/tests/worker/workflow_sandbox/test_runner.py", line 151, in run
    raise ApplicationError(
temporalio.exceptions.ApplicationError: RestrictedWorkflowAccessError: Cannot access os.path.abspath from inside a workflow. If this is code from a module not used in a workflow or known to only be used deterministically from a workflow, mark the import as pass through.
WARNING  temporalio.worker.workflow_sandbox._restrictions:_restrictions.py:783 __call__ on random.choice restricted
DEBUG    temporalio.worker._workflow_instance:_workflow_instance.py:1788 Workflow raised failure with run ID 237f3a7b-4c9e-4c60-a0b5-836ff8023d29
Traceback (most recent call last):
  File "/home/runner/work/sdk-python/sdk-python/tests/worker/workflow_sandbox/test_runner.py", line 149, in run
    exec(code)
  File "<string>", line 2, in <module>
  File "/home/runner/work/sdk-python/sdk-python/temporalio/worker/workflow_sandbox/_restrictions.py", line 964, in __call__
    state.assert_child_not_restricted("__call__")
  File "/home/runner/work/sdk-python/sdk-python/temporalio/worker/workflow_sandbox/_restrictions.py", line 792, in assert_child_not_restricted
    raise RestrictedWorkflowAccessError(
temporalio.worker.workflow_sandbox._restrictions.RestrictedWorkflowAccessError: Cannot access random.choice.__call__ from inside a workflow. If this is code from a module not used in a workflow or known to only be used deterministically from a workflow, mark the import as pass through.

The above exception was the direct cause of the following exception:

Traceback (most recent call last):
  File "/home/runner/work/sdk-python/sdk-python/temporalio/worker/_workflow_instance.py", line 1767, in _run_top_level_workflow_function
    await coro
  File "/home/runner/work/sdk-python/sdk-python/temporalio/worker/_workflow_instance.py", line 831, in run_workflow
    result = await self._inbound.execute_workflow(input)
             ^^^^^^^^^^^^^^^^^^^^^^^^^^^^^^^^^^^^^^^^^^^
  File "/home/runner/work/sdk-python/sdk-python/temporalio/testing/_workflow.py", line 493, in execute_workflow
    return await super().execute_workflow(input)
           ^^^^^^^^^^^^^^^^^^^^^^^^^^^^^^^^^^^^^
  File "/home/runner/work/sdk-python/sdk-python/temporalio/worker/_interceptor.py", line 328, in execute_workflow
    return await self.next.execute_workflow(input)
           ^^^^^^^^^^^^^^^^^^^^^^^^^^^^^^^^^^^^^^^
  File "/home/runner/work/sdk-python/sdk-python/temporalio/worker/_workflow_instance.py", line 2099, in execute_workflow
    return await input.run_fn(*args)
           ^^^^^^^^^^^^^^^^^^^^^^^^^
  File "/home/runner/work/sdk-python/sdk-python/tests/worker/workflow_sandbox/test_runner.py", line 151, in run
    raise ApplicationError(
temporalio.exceptions.ApplicationError: RestrictedWorkflowAccessError: Cannot access random.choice.__call__ from inside a workflow. If this is code from a module not used in a workflow or known to only be used deterministically from a workflow, mark the import as pass through.
WARNING  temporalio.worker.workflow_sandbox._restrictions:_restrictions.py:783 __call__ on secrets.choice restricted
DEBUG    temporalio.worker._workflow_instance:_workflow_instance.py:1788 Workflow raised failure with run ID 0218c1df-d240-4be2-bedd-cc37374bd29f
Traceback (most recent call last):
  File "/home/runner/work/sdk-python/sdk-python/tests/worker/workflow_sandbox/test_runner.py", line 149, in run
    exec(code)
  File "<string>", line 2, in <module>
  File "/home/runner/work/sdk-python/sdk-python/temporalio/worker/workflow_sandbox/_restrictions.py", line 964, in __call__
    state.assert_child_not_restricted("__call__")
  File "/home/runner/work/sdk-python/sdk-python/temporalio/worker/workflow_sandbox/_restrictions.py", line 792, in assert_child_not_restricted
    raise RestrictedWorkflowAccessError(
temporalio.worker.workflow_sandbox._restrictions.RestrictedWorkflowAccessError: Cannot access secrets.choice.__call__ from inside a workflow. If this is code from a module not used in a workflow or known to only be used deterministically from a workflow, mark the import as pass through.

The above exception was the direct cause of the following exception:

Traceback (most recent call last):
  File "/home/runner/work/sdk-python/sdk-python/temporalio/worker/_workflow_instance.py", line 1767, in _run_top_level_workflow_function
    await coro
  File "/home/runner/work/sdk-python/sdk-python/temporalio/worker/_workflow_instance.py", line 831, in run_workflow
    result = await self._inbound.execute_workflow(input)
             ^^^^^^^^^^^^^^^^^^^^^^^^^^^^^^^^^^^^^^^^^^^
  File "/home/runner/work/sdk-python/sdk-python/temporalio/testing/_workflow.py", line 493, in execute_workflow
    return await super().execute_workflow(input)
           ^^^^^^^^^^^^^^^^^^^^^^^^^^^^^^^^^^^^^
  File "/home/runner/work/sdk-python/sdk-python/temporalio/worker/_interceptor.py", line 328, in execute_workflow
    return await self.next.execute_workflow(input)
           ^^^^^^^^^^^^^^^^^^^^^^^^^^^^^^^^^^^^^^^
  File "/home/runner/work/sdk-python/sdk-python/temporalio/worker/_workflow_instance.py", line 2099, in execute_workflow
    return await input.run_fn(*args)
           ^^^^^^^^^^^^^^^^^^^^^^^^^
  File "/home/runner/work/sdk-python/sdk-python/tests/worker/workflow_sandbox/test_runner.py", line 151, in run
    raise ApplicationError(
temporalio.exceptions.ApplicationError: RestrictedWorkflowAccessError: Cannot access secrets.choice.__call__ from inside a workflow. If this is code from a module not used in a workflow or known to only be used deterministically from a workflow, mark the import as pass through.
WARNING  temporalio.worker.workflow_sandbox._restrictions:_restrictions.py:783 __call__ on threading.current_thread restricted
DEBUG    temporalio.worker._workflow_instance:_workflow_instance.py:1788 Workflow raised failure with run ID 06785e65-163d-4e90-9714-f6f09ce24862
Traceback (most recent call last):
  File "/home/runner/work/sdk-python/sdk-python/tests/worker/workflow_sandbox/test_runner.py", line 149, in run
    exec(code)
  File "<string>", line 2, in <module>
  File "/home/runner/work/sdk-python/sdk-python/temporalio/worker/workflow_sandbox/_restrictions.py", line 964, in __call__
    state.assert_child_not_restricted("__call__")
  File "/home/runner/work/sdk-python/sdk-python/temporalio/worker/workflow_sandbox/_restrictions.py", line 792, in assert_child_not_restricted
    raise RestrictedWorkflowAccessError(
temporalio.worker.workflow_sandbox._restrictions.RestrictedWorkflowAccessError: Cannot access threading.current_thread.__call__ from inside a workflow. If this is code from a module not used in a workflow or known to only be used deterministically from a workflow, mark the import as pass through.

The above exception was the direct cause of the following exception:

Traceback (most recent call last):
  File "/home/runner/work/sdk-python/sdk-python/temporalio/worker/_workflow_instance.py", line 1767, in _run_top_level_workflow_function
    await coro
  File "/home/runner/work/sdk-python/sdk-python/temporalio/worker/_workflow_instance.py", line 831, in run_workflow
    result = await self._inbound.execute_workflow(input)
             ^^^^^^^^^^^^^^^^^^^^^^^^^^^^^^^^^^^^^^^^^^^
  File "/home/runner/work/sdk-python/sdk-python/temporalio/testing/_workflow.py", line 493, in execute_workflow
    return await super().execute_workflow(input)
           ^^^^^^^^^^^^^^^^^^^^^^^^^^^^^^^^^^^^^
  File "/home/runner/work/sdk-python/sdk-python/temporalio/worker/_interceptor.py", line 328, in execute_workflow
    return await self.next.execute_workflow(input)
           ^^^^^^^^^^^^^^^^^^^^^^^^^^^^^^^^^^^^^^^
  File "/home/runner/work/sdk-python/sdk-python/temporalio/worker/_workflow_instance.py", line 2099, in execute_workflow
    return await input.run_fn(*args)
           ^^^^^^^^^^^^^^^^^^^^^^^^^
  File "/home/runner/work/sdk-python/sdk-python/tests/worker/workflow_sandbox/test_runner.py", line 151, in run
    raise ApplicationError(
temporalio.exceptions.ApplicationError: RestrictedWorkflowAccessError: Cannot access threading.current_thread.__call__ from inside a workflow. If this is code from a module not used in a workflow or known to only be used deterministically from a workflow, mark the import as pass through.
WARNING  temporalio.worker.workflow_sandbox._restrictions:_restrictions.py:783 __call__ on time.sleep restricted
DEBUG    temporalio.worker._workflow_instance:_workflow_instance.py:1788 Workflow raised failure with run ID a421517e-e036-4d4a-9a0f-d6c0601f18e9
Traceback (most recent call last):
  File "/home/runner/work/sdk-python/sdk-python/tests/worker/workflow_sandbox/test_runner.py", line 149, in run
    exec(code)
  File "<string>", line 2, in <module>
  File "/home/runner/work/sdk-python/sdk-python/temporalio/worker/workflow_sandbox/_restrictions.py", line 964, in __call__
    state.assert_child_not_restricted("__call__")
  File "/home/runner/work/sdk-python/sdk-python/temporalio/worker/workflow_sandbox/_restrictions.py", line 792, in assert_child_not_restricted
    raise RestrictedWorkflowAccessError(
temporalio.worker.workflow_sandbox._restrictions.RestrictedWorkflowAccessError: Cannot access time.sleep.__call__ from inside a workflow. If this is code from a module not used in a workflow or known to only be used deterministically from a workflow, mark the import as pass through.

The above exception was the direct cause of the following exception:

Traceback (most recent call last):
  File "/home/runner/work/sdk-python/sdk-python/temporalio/worker/_workflow_instance.py", line 1767, in _run_top_level_workflow_function
    await coro
  File "/home/runner/work/sdk-python/sdk-python/temporalio/worker/_workflow_instance.py", line 831, in run_workflow
    result = await self._inbound.execute_workflow(input)
             ^^^^^^^^^^^^^^^^^^^^^^^^^^^^^^^^^^^^^^^^^^^
  File "/home/runner/work/sdk-python/sdk-python/temporalio/testing/_workflow.py", line 493, in execute_workflow
    return await super().execute_workflow(input)
           ^^^^^^^^^^^^^^^^^^^^^^^^^^^^^^^^^^^^^
  File "/home/runner/work/sdk-python/sdk-python/temporalio/worker/_interceptor.py", line 328, in execute_workflow
    return await self.next.execute_workflow(input)
           ^^^^^^^^^^^^^^^^^^^^^^^^^^^^^^^^^^^^^^^
  File "/home/runner/work/sdk-python/sdk-python/temporalio/worker/_workflow_instance.py", line 2099, in execute_workflow
    return await input.run_fn(*args)
           ^^^^^^^^^^^^^^^^^^^^^^^^^
  File "/home/runner/work/sdk-python/sdk-python/tests/worker/workflow_sandbox/test_runner.py", line 151, in run
    raise ApplicationError(
temporalio.exceptions.ApplicationError: RestrictedWorkflowAccessError: Cannot access time.sleep.__call__ from inside a workflow. If this is code from a module not used in a workflow or known to only be used deterministically from a workflow, mark the import as pass through.
WARNING  temporalio.worker.workflow_sandbox._restrictions:_restrictions.py:783 __call__ on concurrent.futures.ThreadPoolExecutor restricted
DEBUG    temporalio.worker._workflow_instance:_workflow_instance.py:1788 Workflow raised failure with run ID f4316b9f-840f-46ba-810e-a0202450d78d
Traceback (most recent call last):
  File "/home/runner/work/sdk-python/sdk-python/tests/worker/workflow_sandbox/test_runner.py", line 149, in run
    exec(code)
  File "<string>", line 2, in <module>
  File "/home/runner/work/sdk-python/sdk-python/temporalio/worker/workflow_sandbox/_restrictions.py", line 964, in __call__
    state.assert_child_not_restricted("__call__")
  File "/home/runner/work/sdk-python/sdk-python/temporalio/worker/workflow_sandbox/_restrictions.py", line 792, in assert_child_not_restricted
    raise RestrictedWorkflowAccessError(
temporalio.worker.workflow_sandbox._restrictions.RestrictedWorkflowAccessError: Cannot access concurrent.futures.ThreadPoolExecutor.__call__ from inside a workflow. If this is code from a module not used in a workflow or known to only be used deterministically from a workflow, mark the import as pass through.

The above exception was the direct cause of the following exception:

Traceback (most recent call last):
  File "/home/runner/work/sdk-python/sdk-python/temporalio/worker/_workflow_instance.py", line 1767, in _run_top_level_workflow_function
    await coro
  File "/home/runner/work/sdk-python/sdk-python/temporalio/worker/_workflow_instance.py", line 831, in run_workflow
    result = await self._inbound.execute_workflow(input)
             ^^^^^^^^^^^^^^^^^^^^^^^^^^^^^^^^^^^^^^^^^^^
  File "/home/runner/work/sdk-python/sdk-python/temporalio/testing/_workflow.py", line 493, in execute_workflow
    return await super().execute_workflow(input)
           ^^^^^^^^^^^^^^^^^^^^^^^^^^^^^^^^^^^^^
  File "/home/runner/work/sdk-python/sdk-python/temporalio/worker/_interceptor.py", line 328, in execute_workflow
    return await self.next.execute_workflow(input)
           ^^^^^^^^^^^^^^^^^^^^^^^^^^^^^^^^^^^^^^^
  File "/home/runner/work/sdk-python/sdk-python/temporalio/worker/_workflow_instance.py", line 2099, in execute_workflow
    return await input.run_fn(*args)
           ^^^^^^^^^^^^^^^^^^^^^^^^^
  File "/home/runner/work/sdk-python/sdk-python/tests/worker/workflow_sandbox/test_runner.py", line 151, in run
    raise ApplicationError(
temporalio.exceptions.ApplicationError: RestrictedWorkflowAccessError: Cannot access concurrent.futures.ThreadPoolExecutor.__call__ from inside a workflow. If this is code from a module not used in a workflow or known to only be used deterministically from a workflow, mark the import as pass through.
WARNING  temporalio.worker.workflow_sandbox._restrictions:_restrictions.py:783 __call__ on urllib.request.urlopen restricted
DEBUG    temporalio.worker._workflow_instance:_workflow_instance.py:1788 Workflow raised failure with run ID 349713ac-9059-4b41-aa56-60d095f53349
Traceback (most recent call last):
  File "/home/runner/work/sdk-python/sdk-python/tests/worker/workflow_sandbox/test_runner.py", line 149, in run
    exec(code)
  File "<string>", line 2, in <module>
  File "/home/runner/work/sdk-python/sdk-python/temporalio/worker/workflow_sandbox/_restrictions.py", line 964, in __call__
    state.assert_child_not_restricted("__call__")
  File "/home/runner/work/sdk-python/sdk-python/temporalio/worker/workflow_sandbox/_restrictions.py", line 792, in assert_child_not_restricted
    raise RestrictedWorkflowAccessError(
temporalio.worker.workflow_sandbox._restrictions.RestrictedWorkflowAccessError: Cannot access urllib.request.urlopen.__call__ from inside a workflow. If this is code from a module not used in a workflow or known to only be used deterministically from a workflow, mark the import as pass through.

The above exception was the direct cause of the following exception:

Traceback (most recent call last):
  File "/home/runner/work/sdk-python/sdk-python/temporalio/worker/_workflow_instance.py", line 1767, in _run_top_level_workflow_function
    await coro
  File "/home/runner/work/sdk-python/sdk-python/temporalio/worker/_workflow_instance.py", line 831, in run_workflow
    result = await self._inbound.execute_workflow(input)
             ^^^^^^^^^^^^^^^^^^^^^^^^^^^^^^^^^^^^^^^^^^^
  File "/home/runner/work/sdk-python/sdk-python/temporalio/testing/_workflow.py", line 493, in execute_workflow
    return await super().execute_workflow(input)
           ^^^^^^^^^^^^^^^^^^^^^^^^^^^^^^^^^^^^^
  File "/home/runner/work/sdk-python/sdk-python/temporalio/worker/_interceptor.py", line 328, in execute_workflow
    return await self.next.execute_workflow(input)
           ^^^^^^^^^^^^^^^^^^^^^^^^^^^^^^^^^^^^^^^
  File "/home/runner/work/sdk-python/sdk-python/temporalio/worker/_workflow_instance.py", line 2099, in execute_workflow
    return await input.run_fn(*args)
           ^^^^^^^^^^^^^^^^^^^^^^^^^
  File "/home/runner/work/sdk-python/sdk-python/tests/worker/workflow_sandbox/test_runner.py", line 151, in run
    raise ApplicationError(
temporalio.exceptions.ApplicationError: RestrictedWorkflowAccessError: Cannot access urllib.request.urlopen.__call__ from inside a workflow. If this is code from a module not used in a workflow or known to only be used deterministically from a workflow, mark the import as pass through.
WARNING  temporalio.worker.workflow_sandbox._restrictions:_restrictions.py:783 __call__ on http.client.HTTPConnection restricted
DEBUG    temporalio.worker._workflow_instance:_workflow_instance.py:1788 Workflow raised failure with run ID 2b130b56-32be-4e73-9849-5d23fcc0a35e
Traceback (most recent call last):
  File "/home/runner/work/sdk-python/sdk-python/tests/worker/workflow_sandbox/test_runner.py", line 149, in run
    exec(code)
  File "<string>", line 2, in <module>
  File "/home/runner/work/sdk-python/sdk-python/temporalio/worker/workflow_sandbox/_restrictions.py", line 964, in __call__
    state.assert_child_not_restricted("__call__")
  File "/home/runner/work/sdk-python/sdk-python/temporalio/worker/workflow_sandbox/_restrictions.py", line 792, in assert_child_not_restricted
    raise RestrictedWorkflowAccessError(
temporalio.worker.workflow_sandbox._restrictions.RestrictedWorkflowAccessError: Cannot access http.client.HTTPConnection.__call__ from inside a workflow. If this is code from a module not used in a workflow or known to only be used deterministically from a workflow, mark the import as pass through.

The above exception was the direct cause of the following exception:

Traceback (most recent call last):
  File "/home/runner/work/sdk-python/sdk-python/temporalio/worker/_workflow_instance.py", line 1767, in _run_top_level_workflow_function
    await coro
  File "/home/runner/work/sdk-python/sdk-python/temporalio/worker/_workflow_instance.py", line 831, in run_workflow
    result = await self._inbound.execute_workflow(input)
             ^^^^^^^^^^^^^^^^^^^^^^^^^^^^^^^^^^^^^^^^^^^
  File "/home/runner/work/sdk-python/sdk-python/temporalio/testing/_workflow.py", line 493, in execute_workflow
    return await super().execute_workflow(input)
           ^^^^^^^^^^^^^^^^^^^^^^^^^^^^^^^^^^^^^
  File "/home/runner/work/sdk-python/sdk-python/temporalio/worker/_interceptor.py", line 328, in execute_workflow
    return await self.next.execute_workflow(input)
           ^^^^^^^^^^^^^^^^^^^^^^^^^^^^^^^^^^^^^^^
  File "/home/runner/work/sdk-python/sdk-python/temporalio/worker/_workflow_instance.py", line 2099, in execute_workflow
    return await input.run_fn(*args)
           ^^^^^^^^^^^^^^^^^^^^^^^^^
  File "/home/runner/work/sdk-python/sdk-python/tests/worker/workflow_sandbox/test_runner.py", line 151, in run
    raise ApplicationError(
temporalio.exceptions.ApplicationError: RestrictedWorkflowAccessError: Cannot access http.client.HTTPConnection.__call__ from inside a workflow. If this is code from a module not used in a workflow or known to only be used deterministically from a workflow, mark the import as pass through.
WARNING  temporalio.worker.workflow_sandbox._restrictions:_restrictions.py:783 __call__ on uuid.uuid4 restricted
DEBUG    temporalio.worker._workflow_instance:_workflow_instance.py:1788 Workflow raised failure with run ID 4a1c3647-f2c1-4254-b3d9-4f2387e93215
Traceback (most recent call last):
  File "/home/runner/work/sdk-python/sdk-python/tests/worker/workflow_sandbox/test_runner.py", line 149, in run
    exec(code)
  File "<string>", line 2, in <module>
  File "/home/runner/work/sdk-python/sdk-python/temporalio/worker/workflow_sandbox/_restrictions.py", line 964, in __call__
    state.assert_child_not_restricted("__call__")
  File "/home/runner/work/sdk-python/sdk-python/temporalio/worker/workflow_sandbox/_restrictions.py", line 792, in assert_child_not_restricted
    raise RestrictedWorkflowAccessError(
temporalio.worker.workflow_sandbox._restrictions.RestrictedWorkflowAccessError: Cannot access uuid.uuid4.__call__ from inside a workflow. If this is code from a module not used in a workflow or known to only be used deterministically from a workflow, mark the import as pass through.

The above exception was the direct cause of the following exception:

Traceback (most recent call last):
  File "/home/runner/work/sdk-python/sdk-python/temporalio/worker/_workflow_instance.py", line 1767, in _run_top_level_workflow_function
    await coro
  File "/home/runner/work/sdk-python/sdk-python/temporalio/worker/_workflow_instance.py", line 831, in run_workflow
    result = await self._inbound.execute_workflow(input)
             ^^^^^^^^^^^^^^^^^^^^^^^^^^^^^^^^^^^^^^^^^^^
  File "/home/runner/work/sdk-python/sdk-python/temporalio/testing/_workflow.py", line 493, in execute_workflow
    return await super().execute_workflow(input)
           ^^^^^^^^^^^^^^^^^^^^^^^^^^^^^^^^^^^^^
  File "/home/runner/work/sdk-python/sdk-python/temporalio/worker/_interceptor.py", line 328, in execute_workflow
    return await self.next.execute_workflow(input)
           ^^^^^^^^^^^^^^^^^^^^^^^^^^^^^^^^^^^^^^^
  File "/home/runner/work/sdk-python/sdk-python/temporalio/worker/_workflow_instance.py", line 2099, in execute_workflow
    return await input.run_fn(*args)
           ^^^^^^^^^^^^^^^^^^^^^^^^^
  File "/home/runner/work/sdk-python/sdk-python/tests/worker/workflow_sandbox/test_runner.py", line 151, in run
    raise ApplicationError(
temporalio.exceptions.ApplicationError: RestrictedWorkflowAccessError: Cannot access uuid.uuid4.__call__ from inside a workflow. If this is code from a module not used in a workflow or known to only be used deterministically from a workflow, mark the import as pass through.
INFO     temporalio.worker._worker:_worker.py:523 Beginning worker shutdown, will wait 0:00:00 before cancelling activities
INFO     temporalio.worker._worker:_worker.py:523 Beginning worker shutdown, will wait 0:00:00 before cancelling activities
WARNING  temporalio.worker.workflow_sandbox._restrictions:_restrictions.py:783 __call__ on datetime.date restricted
DEBUG    temporalio.worker._workflow_instance:_workflow_instance.py:1788 Workflow raised failure with run ID 1e804943-4918-49cb-b1bd-a2dbf01f3d66
Traceback (most recent call last):
  File "/home/runner/work/sdk-python/sdk-python/tests/worker/workflow_sandbox/test_runner.py", line 149, in run
    exec(code)
  File "<string>", line 2, in <module>
  File "/home/runner/work/sdk-python/sdk-python/temporalio/worker/workflow_sandbox/_restrictions.py", line 964, in __call__
    state.assert_child_not_restricted("__call__")
  File "/home/runner/work/sdk-python/sdk-python/temporalio/worker/workflow_sandbox/_restrictions.py", line 792, in assert_child_not_restricted
    raise RestrictedWorkflowAccessError(
temporalio.worker.workflow_sandbox._restrictions.RestrictedWorkflowAccessError: Cannot access datetime.date.__call__ from inside a workflow. If this is code from a module not used in a workflow or known to only be used deterministically from a workflow, mark the import as pass through.

The above exception was the direct cause of the following exception:

Traceback (most recent call last):
  File "/home/runner/work/sdk-python/sdk-python/temporalio/worker/_workflow_instance.py", line 1767, in _run_top_level_workflow_function
    await coro
  File "/home/runner/work/sdk-python/sdk-python/temporalio/worker/_workflow_instance.py", line 831, in run_workflow
    result = await self._inbound.execute_workflow(input)
             ^^^^^^^^^^^^^^^^^^^^^^^^^^^^^^^^^^^^^^^^^^^
  File "/home/runner/work/sdk-python/sdk-python/temporalio/testing/_workflow.py", line 493, in execute_workflow
    return await super().execute_workflow(input)
           ^^^^^^^^^^^^^^^^^^^^^^^^^^^^^^^^^^^^^
  File "/home/runner/work/sdk-python/sdk-python/temporalio/worker/_interceptor.py", line 328, in execute_workflow
    return await self.next.execute_workflow(input)
           ^^^^^^^^^^^^^^^^^^^^^^^^^^^^^^^^^^^^^^^
  File "/home/runner/work/sdk-python/sdk-python/temporalio/worker/_workflow_instance.py", line 2099, in execute_workflow
    return await input.run_fn(*args)
           ^^^^^^^^^^^^^^^^^^^^^^^^^
  File "/home/runner/work/sdk-python/sdk-python/tests/worker/workflow_sandbox/test_runner.py", line 151, in run
    raise ApplicationError(
temporalio.exceptions.ApplicationError: RestrictedWorkflowAccessError: Cannot access datetime.date.__call__ from inside a workflow. If this is code from a module not used in a workflow or known to only be used deterministically from a workflow, mark the import as pass through.
INFO     temporalio.worker._worker:_worker.py:523 Beginning worker shutdown, will wait 0:00:00 before cancelling activities