ERROR    temporalio.worker._workflow_instance:_workflow_instance.py:1683 Failed deserializing signal input for some_signal, dropping the signal
Traceback (most recent call last):
  File "/home/runner/work/sdk-python/sdk-python/temporalio/worker/_workflow_instance.py", line 1592, in _convert_payloads
    return self._payload_converter.from_payloads(
           ^^^^^^^^^^^^^^^^^^^^^^^^^^^^^^^^^^^^^^
  File "/home/runner/work/sdk-python/sdk-python/temporalio/converter.py", line 306, in from_payloads
    values.append(converter.from_payload(payload, type_hint))
                  ^^^^^^^^^^^^^^^^^^^^^^^^^^^^^^^^^^^^^^^^^^
  File "/home/runner/work/sdk-python/sdk-python/temporalio/converter.py", line 582, in from_payload
    obj = value_to_type(type_hint, obj, self._custom_type_converters)
          ^^^^^^^^^^^^^^^^^^^^^^^^^^^^^^^^^^^^^^^^^^^^^^^^^^^^^^^^^^^
  File "/home/runner/work/sdk-python/sdk-python/temporalio/converter.py", line 1497, in value_to_type
    raise TypeError(
TypeError: Cannot convert to dataclass <class 'tests.worker.test_workflow.BadSignalParam'>, value is <class 'str'> not dict

The above exception was the direct cause of the following exception:

Traceback (most recent call last):
  File "/home/runner/work/sdk-python/sdk-python/temporalio/worker/_workflow_instance.py", line 1675, in _process_signal_job
    args = self._process_handler_args(
           ^^^^^^^^^^^^^^^^^^^^^^^^^^^
  File "/home/runner/work/sdk-python/sdk-python/temporalio/worker/_workflow_instance.py", line 1667, in _process_handler_args
    return self._convert_payloads(job_input, defn_arg_types)
           ^^^^^^^^^^^^^^^^^^^^^^^^^^^^^^^^^^^^^^^^^^^^^^^^^
  File "/home/runner/work/sdk-python/sdk-python/temporalio/worker/_workflow_instance.py", line 1600, in _convert_payloads
    raise RuntimeError("Failed decoding arguments") from err
RuntimeError: Failed decoding arguments
ERROR    temporalio.worker._workflow_instance:_workflow_instance.py:1683 Failed deserializing signal input for some_signal, dropping the signal
Traceback (most recent call last):
  File "/home/runner/work/sdk-python/sdk-python/temporalio/worker/_workflow_instance.py", line 1592, in _convert_payloads
    return self._payload_converter.from_payloads(
           ^^^^^^^^^^^^^^^^^^^^^^^^^^^^^^^^^^^^^^
  File "/home/runner/work/sdk-python/sdk-python/temporalio/converter.py", line 306, in from_payloads
    values.append(converter.from_payload(payload, type_hint))
                  ^^^^^^^^^^^^^^^^^^^^^^^^^^^^^^^^^^^^^^^^^^
  File "/home/runner/work/sdk-python/sdk-python/temporalio/converter.py", line 582, in from_payload
    obj = value_to_type(type_hint, obj, self._custom_type_converters)
          ^^^^^^^^^^^^^^^^^^^^^^^^^^^^^^^^^^^^^^^^^^^^^^^^^^^^^^^^^^^
  File "/home/runner/work/sdk-python/sdk-python/temporalio/converter.py", line 1497, in value_to_type
    raise TypeError(
TypeError: Cannot convert to dataclass <class 'tests.worker.test_workflow.BadSignalParam'>, value is <class 'int'> not dict

The above exception was the direct cause of the following exception:

Traceback (most recent call last):
  File "/home/runner/work/sdk-python/sdk-python/temporalio/worker/_workflow_instance.py", line 1675, in _process_signal_job
    args = self._process_handler_args(
           ^^^^^^^^^^^^^^^^^^^^^^^^^^^
  File "/home/runner/work/sdk-python/sdk-python/temporalio/worker/_workflow_instance.py", line 1667, in _process_handler_args
    return self._convert_payloads(job_input, defn_arg_types)
           ^^^^^^^^^^^^^^^^^^^^^^^^^^^^^^^^^^^^^^^^^^^^^^^^^
  File "/home/runner/work/sdk-python/sdk-python/temporalio/worker/_workflow_instance.py", line 1600, in _convert_payloads
    raise RuntimeError("Failed decoding arguments") from err
RuntimeError: Failed decoding arguments
INFO     temporalio.worker._worker:_worker.py:523 Beginning worker shutdown, will wait 0:00:00 before cancelling activities