ERROR    temporalio.worker._worker:_worker.py:508 Worker failed, shutting down
Traceback (most recent call last):
  File "/home/runner/work/sdk-python/sdk-python/temporalio/worker/_workflow.py", line 143, in run
    act = await self._bridge_worker().poll_workflow_activation()
          ^^^^^^^^^^^^^^^^^^^^^^^^^^^^^^^^^^^^^^^^^^^^^^^^^^^^^^
  File "/home/runner/work/sdk-python/sdk-python/tests/worker/test_worker.py", line 395, in patched_poll_call
    raise exc
RuntimeError: OH NO

The above exception was the direct cause of the following exception:

Traceback (most recent call last):
  File "/home/runner/work/sdk-python/sdk-python/temporalio/worker/_workflow.py", line 153, in run
    raise RuntimeError("Workflow worker failed") from err
RuntimeError: Workflow worker failed
INFO     temporalio.worker._worker:_worker.py:523 Beginning worker shutdown, will wait 0:00:00 before cancelling activities
INFO     temporalio.worker._worker:_worker.py:523 Beginning worker shutdown, will wait 0:00:00 before cancelling activities
ERROR    temporalio.worker._worker:_worker.py:508 Worker failed, shutting down
Traceback (most recent call last):
  File "/home/runner/work/sdk-python/sdk-python/temporalio/worker/_workflow.py", line 143, in run
    act = await self._bridge_worker().poll_workflow_activation()
          ^^^^^^^^^^^^^^^^^^^^^^^^^^^^^^^^^^^^^^^^^^^^^^^^^^^^^^
  File "/home/runner/work/sdk-python/sdk-python/tests/worker/test_worker.py", line 395, in patched_poll_call
    raise exc
RuntimeError: OH NO

The above exception was the direct cause of the following exception:

Traceback (most recent call last):
  File "/home/runner/work/sdk-python/sdk-python/temporalio/worker/_workflow.py", line 153, in run
    raise RuntimeError("Workflow worker failed") from err
RuntimeError: Workflow worker failed
INFO     temporalio.worker._worker:_worker.py:523 Beginning worker shutdown, will wait 0:00:00 before cancelling activities