WARNING  temporalio.worker.workflow_sandbox._restrictions:_restrictions.py:783 __call__ on os.getcwd restricted
DEBUG    temporalio.worker._workflow_instance:_workflow_instance.py:1788 Workflow raised failure with run ID 4d20de14-26c5-4048-90f7-547cfe9a511b
Traceback (most recent call last):
  File "/home/runner/work/sdk-python/sdk-python/tests/worker/workflow_sandbox/test_runner.py", line 149, in run
    exec(code)
  File "<string>", line 2, in <module>
  File "/home/runner/work/sdk-python/sdk-python/temporalio/worker/workflow_sandbox/_restrictions.py", line 964, in __call__
    state.assert_child_not_restricted("__call__")
  File "/home/runner/work/sdk-python/sdk-python/temporalio/worker/workflow_sandbox/_restrictions.py", line 792, in assert_child_not_restricted
    raise RestrictedWorkflowAccessError(
temporalio.worker.workflow_sandbox._restrictions.RestrictedWorkflowAccessError: Cannot access os.getcwd.__call__ from inside a workflow. If this is code from a module not used in a workflow or known to only be used deterministically from a workflow, mark the import as pass through.

The above exception was the direct cause of the following exception:

Traceback (most recent call last):
  File "/home/runner/work/sdk-python/sdk-python/temporalio/worker/_workflow_instance.py", line 1767, in _run_top_level_workflow_function
    await coro
  File "/home/runner/work/sdk-python/sdk-python/temporalio/worker/_workflow_instance.py", line 831, in run_workflow
    result = await self._inbound.execute_workflow(input)
  File "/home/runner/work/sdk-python/sdk-python/temporalio/testing/_workflow.py", line 493, in execute_workflow
    return await super().execute_workflow(input)
  File "/home/runner/work/sdk-python/sdk-python/temporalio/worker/_interceptor.py", line 328, in execute_workflow
    return await self.next.execute_workflow(input)
  File "/home/runner/work/sdk-python/sdk-python/temporalio/worker/_workflow_instance.py", line 2099, in execute_workflow
    return await input.run_fn(*args)
  File "/home/runner/work/sdk-python/sdk-python/tests/worker/workflow_sandbox/test_runner.py", line 151, in run
    raise ApplicationError(
temporalio.exceptions.ApplicationError: RestrictedWorkflowAccessError: Cannot access os.getcwd.__call__ from inside a workflow. If this is code from a module not used in a workflow or known to only be used deterministically from a workflow, mark the import as pass through.
WARNING  temporalio.worker.workflow_sandbox._restrictions:_restrictions.py:783 __call__ on os.getcwd restricted
DEBUG    temporalio.worker._workflow_instance:_workflow_instance.py:1788 Workflow raised failure with run ID 89810472-7d08-4856-b5bc-a4b57ae01c98
Traceback (most recent call last):
  File "/home/runner/work/sdk-python/sdk-python/tests/worker/workflow_sandbox/test_runner.py", line 149, in run
    exec(code)
  File "<string>", line 3, in <module>
  File "/home/runner/work/sdk-python/sdk-python/temporalio/worker/workflow_sandbox/_restrictions.py", line 964, in __call__
    state.assert_child_not_restricted("__call__")
  File "/home/runner/work/sdk-python/sdk-python/temporalio/worker/workflow_sandbox/_restrictions.py", line 792, in assert_child_not_restricted
    raise RestrictedWorkflowAccessError(
temporalio.worker.workflow_sandbox._restrictions.RestrictedWorkflowAccessError: Cannot access os.getcwd.__call__ from inside a workflow. If this is code from a module not used in a workflow or known to only be used deterministically from a workflow, mark the import as pass through.

The above exception was the direct cause of the following exception:

Traceback (most recent call last):
  File "/home/runner/work/sdk-python/sdk-python/temporalio/worker/_workflow_instance.py", line 1767, in _run_top_level_workflow_function
    await coro
  File "/home/runner/work/sdk-python/sdk-python/temporalio/worker/_workflow_instance.py", line 831, in run_workflow
    result = await self._inbound.execute_workflow(input)
  File "/home/runner/work/sdk-python/sdk-python/temporalio/testing/_workflow.py", line 493, in execute_workflow
    return await super().execute_workflow(input)
  File "/home/runner/work/sdk-python/sdk-python/temporalio/worker/_interceptor.py", line 328, in execute_workflow
    return await self.next.execute_workflow(input)
  File "/home/runner/work/sdk-python/sdk-python/temporalio/worker/_workflow_instance.py", line 2099, in execute_workflow
    return await input.run_fn(*args)
  File "/home/runner/work/sdk-python/sdk-python/tests/worker/workflow_sandbox/test_runner.py", line 151, in run
    raise ApplicationError(
temporalio.exceptions.ApplicationError: RestrictedWorkflowAccessError: Cannot access os.getcwd.__call__ from inside a workflow. If this is code from a module not used in a workflow or known to only be used deterministically from a workflow, mark the import as pass through.
WARNING  temporalio.worker.workflow_sandbox._restrictions:_restrictions.py:783 __call__ on glob.glob restricted
DEBUG    temporalio.worker._workflow_instance:_workflow_instance.py:1788 Workflow raised failure with run ID b0eac6f2-774e-4577-9a3a-9b175d68e619
Traceback (most recent call last):
  File "/home/runner/work/sdk-python/sdk-python/tests/worker/workflow_sandbox/test_runner.py", line 149, in run
    exec(code)
  File "<string>", line 2, in <module>
  File "/home/runner/work/sdk-python/sdk-python/temporalio/worker/workflow_sandbox/_restrictions.py", line 964, in __call__
    state.assert_child_not_restricted("__call__")
  File "/home/runner/work/sdk-python/sdk-python/temporalio/worker/workflow_sandbox/_restrictions.py", line 792, in assert_child_not_restricted
    raise RestrictedWorkflowAccessError(
temporalio.worker.workflow_sandbox._restrictions.RestrictedWorkflowAccessError: Cannot access glob.glob.__call__ from inside a workflow. If this is code from a module not used in a workflow or known to only be used deterministically from a workflow, mark the import as pass through.

The above exception was the direct cause of the following exception:

Traceback (most recent call last):
  File "/home/runner/work/sdk-python/sdk-python/temporalio/worker/_workflow_instance.py", line 1767, in _run_top_level_workflow_function
    await coro
  File "/home/runner/work/sdk-python/sdk-python/temporalio/worker/_workflow_instance.py", line 831, in run_workflow
    result = await self._inbound.execute_workflow(input)
  File "/home/runner/work/sdk-python/sdk-python/temporalio/testing/_workflow.py", line 493, in execute_workflow
    return await super().execute_workflow(input)
  File "/home/runner/work/sdk-python/sdk-python/temporalio/worker/_interceptor.py", line 328, in execute_workflow
    return await self.next.execute_workflow(input)
  File "/home/runner/work/sdk-python/sdk-python/temporalio/worker/_workflow_instance.py", line 2099, in execute_workflow
    return await input.run_fn(*args)
  File "/home/runner/work/sdk-python/sdk-python/tests/worker/workflow_sandbox/test_runner.py", line 151, in run
    raise ApplicationError(
temporalio.exceptions.ApplicationError: RestrictedWorkflowAccessError: Cannot access glob.glob.__call__ from inside a workflow. If this is code from a module not used in a workflow or known to only be used deterministically from a workflow, mark the import as pass through.
WARNING  temporalio.worker.workflow_sandbox._restrictions:_restrictions.py:783 name on os restricted
DEBUG    temporalio.worker._workflow_instance:_workflow_instance.py:1788 Workflow raised failure with run ID 5863d171-99b9-412f-ad51-23adb08ec3ab
Traceback (most recent call last):
  File "/home/runner/work/sdk-python/sdk-python/tests/worker/workflow_sandbox/test_runner.py", line 149, in run
    exec(code)
  File "<string>", line 2, in <module>
  File "/home/runner/work/sdk-python/sdk-python/temporalio/worker/workflow_sandbox/_restrictions.py", line 942, in __getattribute__
    state.assert_child_not_restricted(__name)
  File "/home/runner/work/sdk-python/sdk-python/temporalio/worker/workflow_sandbox/_restrictions.py", line 792, in assert_child_not_restricted
    raise RestrictedWorkflowAccessError(
temporalio.worker.workflow_sandbox._restrictions.RestrictedWorkflowAccessError: Cannot access os.name from inside a workflow. If this is code from a module not used in a workflow or known to only be used deterministically from a workflow, mark the import as pass through.

The above exception was the direct cause of the following exception:

Traceback (most recent call last):
  File "/home/runner/work/sdk-python/sdk-python/temporalio/worker/_workflow_instance.py", line 1767, in _run_top_level_workflow_function
    await coro
  File "/home/runner/work/sdk-python/sdk-python/temporalio/worker/_workflow_instance.py", line 831, in run_workflow
    result = await self._inbound.execute_workflow(input)
  File "/home/runner/work/sdk-python/sdk-python/temporalio/testing/_workflow.py", line 493, in execute_workflow
    return await super().execute_workflow(input)
  File "/home/runner/work/sdk-python/sdk-python/temporalio/worker/_interceptor.py", line 328, in execute_workflow
    return await self.next.execute_workflow(input)
  File "/home/runner/work/sdk-python/sdk-python/temporalio/worker/_workflow_instance.py", line 2099, in execute_workflow
    return await input.run_fn(*args)
  File "/home/runner/work/sdk-python/sdk-python/tests/worker/workflow_sandbox/test_runner.py", line 151, in run
    raise ApplicationError(
temporalio.exceptions.ApplicationError: RestrictedWorkflowAccessError: Cannot access os.name from inside a workflow. If this is code from a module not used in a workflow or known to only be used deterministically from a workflow, mark the import as pass through.
DEBUG    temporalio.worker._workflow_instance:_workflow_instance.py:1788 Workflow raised failure with run ID c124f53f-a7a6-4e16-8ecd-40ae42caa299
Traceback (most recent call last):
  File "/home/runner/work/sdk-python/sdk-python/tests/worker/workflow_sandbox/test_runner.py", line 149, in run
    exec(code)
  File "<string>", line 1, in <module>
  File "/home/runner/work/sdk-python/sdk-python/temporalio/worker/workflow_sandbox/_importer.py", line 441, in __call__
    return self.current(*args, **kwargs)
  File "/home/runner/work/sdk-python/sdk-python/temporalio/worker/workflow_sandbox/_importer.py", line 94, in restrict_built_in
    raise RestrictedWorkflowAccessError(f"__builtins__.{name}")
temporalio.worker.workflow_sandbox._restrictions.RestrictedWorkflowAccessError: Cannot access __builtins__.open from inside a workflow. If this is code from a module not used in a workflow or known to only be used deterministically from a workflow, mark the import as pass through.

The above exception was the direct cause of the following exception:

Traceback (most recent call last):
  File "/home/runner/work/sdk-python/sdk-python/temporalio/worker/_workflow_instance.py", line 1767, in _run_top_level_workflow_function
    await coro
  File "/home/runner/work/sdk-python/sdk-python/temporalio/worker/_workflow_instance.py", line 831, in run_workflow
    result = await self._inbound.execute_workflow(input)
  File "/home/runner/work/sdk-python/sdk-python/temporalio/testing/_workflow.py", line 493, in execute_workflow
    return await super().execute_workflow(input)
  File "/home/runner/work/sdk-python/sdk-python/temporalio/worker/_interceptor.py", line 328, in execute_workflow
    return await self.next.execute_workflow(input)
  File "/home/runner/work/sdk-python/sdk-python/temporalio/worker/_workflow_instance.py", line 2099, in execute_workflow
    return await input.run_fn(*args)
  File "/home/runner/work/sdk-python/sdk-python/tests/worker/workflow_sandbox/test_runner.py", line 151, in run
    raise ApplicationError(
temporalio.exceptions.ApplicationError: RestrictedWorkflowAccessError: Cannot access __builtins__.open from inside a workflow. If this is code from a module not used in a workflow or known to only be used deterministically from a workflow, mark the import as pass through.
WARNING  temporalio.worker.workflow_sandbox._restrictions:_restrictions.py:783 __call__ on random.choice restricted
DEBUG    temporalio.worker._workflow_instance:_workflow_instance.py:1788 Workflow raised failure with run ID 2f22007d-4b65-4bdb-b484-844b9025cc2e
Traceback (most recent call last):
  File "/home/runner/work/sdk-python/sdk-python/tests/worker/workflow_sandbox/test_runner.py", line 149, in run
    exec(code)
  File "<string>", line 1, in <module>
  File "/home/runner/work/sdk-python/sdk-python/temporalio/worker/workflow_sandbox/_importer.py", line 441, in __call__
    return self.current(*args, **kwargs)
  File "/home/runner/work/sdk-python/sdk-python/temporalio/worker/workflow_sandbox/_importer.py", line 234, in _import
    mod = importlib.__import__(name, globals, locals, fromlist, level)
  File "<frozen importlib._bootstrap>", line 1093, in __import__
  File "<frozen importlib._bootstrap>", line 1014, in _gcd_import
  File "<frozen importlib._bootstrap>", line 991, in _find_and_load
  File "<frozen importlib._bootstrap>", line 975, in _find_and_load_unlocked
  File "<frozen importlib._bootstrap>", line 671, in _load_unlocked
  File "<frozen importlib._bootstrap_external>", line 843, in exec_module
  File "<frozen importlib._bootstrap>", line 219, in _call_with_frames_removed
  File "/home/runner/work/sdk-python/sdk-python/tests/worker/workflow_sandbox/testmodules/module_calling_invalid.py", line 3, in <module>
    random.choice(["foo", "bar"])
  File "/home/runner/work/sdk-python/sdk-python/temporalio/worker/workflow_sandbox/_restrictions.py", line 964, in __call__
    state.assert_child_not_restricted("__call__")
  File "/home/runner/work/sdk-python/sdk-python/temporalio/worker/workflow_sandbox/_restrictions.py", line 792, in assert_child_not_restricted
    raise RestrictedWorkflowAccessError(
temporalio.worker.workflow_sandbox._restrictions.RestrictedWorkflowAccessError: Cannot access random.choice.__call__ from inside a workflow. If this is code from a module not used in a workflow or known to only be used deterministically from a workflow, mark the import as pass through.

The above exception was the direct cause of the following exception:

Traceback (most recent call last):
  File "/home/runner/work/sdk-python/sdk-python/temporalio/worker/_workflow_instance.py", line 1767, in _run_top_level_workflow_function
    await coro
  File "/home/runner/work/sdk-python/sdk-python/temporalio/worker/_workflow_instance.py", line 831, in run_workflow
    result = await self._inbound.execute_workflow(input)
  File "/home/runner/work/sdk-python/sdk-python/temporalio/testing/_workflow.py", line 493, in execute_workflow
    return await super().execute_workflow(input)
  File "/home/runner/work/sdk-python/sdk-python/temporalio/worker/_interceptor.py", line 328, in execute_workflow
    return await self.next.execute_workflow(input)
  File "/home/runner/work/sdk-python/sdk-python/temporalio/worker/_workflow_instance.py", line 2099, in execute_workflow
    return await input.run_fn(*args)
  File "/home/runner/work/sdk-python/sdk-python/tests/worker/workflow_sandbox/test_runner.py", line 151, in run
    raise ApplicationError(
temporalio.exceptions.ApplicationError: RestrictedWorkflowAccessError: Cannot access random.choice.__call__ from inside a workflow. If this is code from a module not used in a workflow or known to only be used deterministically from a workflow, mark the import as pass through.
WARNING  temporalio.worker.workflow_sandbox._restrictions:_restrictions.py:783 __call__ on datetime.date.today restricted
DEBUG    temporalio.worker._workflow_instance:_workflow_instance.py:1788 Workflow raised failure with run ID 2e1a092d-16e8-4574-bc6e-89931b5d7abe
Traceback (most recent call last):
  File "/home/runner/work/sdk-python/sdk-python/tests/worker/workflow_sandbox/test_runner.py", line 149, in run
    exec(code)
  File "<string>", line 2, in <module>
  File "/home/runner/work/sdk-python/sdk-python/temporalio/worker/workflow_sandbox/_restrictions.py", line 964, in __call__
    state.assert_child_not_restricted("__call__")
  File "/home/runner/work/sdk-python/sdk-python/temporalio/worker/workflow_sandbox/_restrictions.py", line 792, in assert_child_not_restricted
    raise RestrictedWorkflowAccessError(
temporalio.worker.workflow_sandbox._restrictions.RestrictedWorkflowAccessError: Cannot access datetime.date.today.__call__ from inside a workflow. If this is code from a module not used in a workflow or known to only be used deterministically from a workflow, mark the import as pass through.

The above exception was the direct cause of the following exception:

Traceback (most recent call last):
  File "/home/runner/work/sdk-python/sdk-python/temporalio/worker/_workflow_instance.py", line 1767, in _run_top_level_workflow_function
    await coro
  File "/home/runner/work/sdk-python/sdk-python/temporalio/worker/_workflow_instance.py", line 831, in run_workflow
    result = await self._inbound.execute_workflow(input)
  File "/home/runner/work/sdk-python/sdk-python/temporalio/testing/_workflow.py", line 493, in execute_workflow
    return await super().execute_workflow(input)
  File "/home/runner/work/sdk-python/sdk-python/temporalio/worker/_interceptor.py", line 328, in execute_workflow
    return await self.next.execute_workflow(input)
  File "/home/runner/work/sdk-python/sdk-python/temporalio/worker/_workflow_instance.py", line 2099, in execute_workflow
    return await input.run_fn(*args)
  File "/home/runner/work/sdk-python/sdk-python/tests/worker/workflow_sandbox/test_runner.py", line 151, in run
    raise ApplicationError(
temporalio.exceptions.ApplicationError: RestrictedWorkflowAccessError: Cannot access datetime.date.today.__call__ from inside a workflow. If this is code from a module not used in a workflow or known to only be used deterministically from a workflow, mark the import as pass through.
WARNING  temporalio.worker.workflow_sandbox._restrictions:_restrictions.py:783 __call__ on datetime.datetime.now restricted
DEBUG    temporalio.worker._workflow_instance:_workflow_instance.py:1788 Workflow raised failure with run ID f1f88565-76f9-44c4-92f5-1e6abdfef2f3
Traceback (most recent call last):
  File "/home/runner/work/sdk-python/sdk-python/tests/worker/workflow_sandbox/test_runner.py", line 149, in run
    exec(code)
  File "<string>", line 2, in <module>
  File "/home/runner/work/sdk-python/sdk-python/temporalio/worker/workflow_sandbox/_restrictions.py", line 964, in __call__
    state.assert_child_not_restricted("__call__")
  File "/home/runner/work/sdk-python/sdk-python/temporalio/worker/workflow_sandbox/_restrictions.py", line 792, in assert_child_not_restricted
    raise RestrictedWorkflowAccessError(
temporalio.worker.workflow_sandbox._restrictions.RestrictedWorkflowAccessError: Cannot access datetime.datetime.now.__call__ from inside a workflow. If this is code from a module not used in a workflow or known to only be used deterministically from a workflow, mark the import as pass through.

The above exception was the direct cause of the following exception:

Traceback (most recent call last):
  File "/home/runner/work/sdk-python/sdk-python/temporalio/worker/_workflow_instance.py", line 1767, in _run_top_level_workflow_function
    await coro
  File "/home/runner/work/sdk-python/sdk-python/temporalio/worker/_workflow_instance.py", line 831, in run_workflow
    result = await self._inbound.execute_workflow(input)
  File "/home/runner/work/sdk-python/sdk-python/temporalio/testing/_workflow.py", line 493, in execute_workflow
    return await super().execute_workflow(input)
  File "/home/runner/work/sdk-python/sdk-python/temporalio/worker/_interceptor.py", line 328, in execute_workflow
    return await self.next.execute_workflow(input)
  File "/home/runner/work/sdk-python/sdk-python/temporalio/worker/_workflow_instance.py", line 2099, in execute_workflow
    return await input.run_fn(*args)
  File "/home/runner/work/sdk-python/sdk-python/tests/worker/workflow_sandbox/test_runner.py", line 151, in run
    raise ApplicationError(
temporalio.exceptions.ApplicationError: RestrictedWorkflowAccessError: Cannot access datetime.datetime.now.__call__ from inside a workflow. If this is code from a module not used in a workflow or known to only be used deterministically from a workflow, mark the import as pass through.
WARNING  temporalio.worker.workflow_sandbox._restrictions:_restrictions.py:783 foo on os.environ restricted
DEBUG    temporalio.worker._workflow_instance:_workflow_instance.py:1788 Workflow raised failure with run ID 6f718fb8-2283-4362-b063-ca6b31a0ff10
Traceback (most recent call last):
  File "/home/runner/work/sdk-python/sdk-python/tests/worker/workflow_sandbox/test_runner.py", line 149, in run
    exec(code)
  File "<string>", line 2, in <module>
  File "/home/runner/work/sdk-python/sdk-python/temporalio/worker/workflow_sandbox/_restrictions.py", line 942, in __getattribute__
    state.assert_child_not_restricted(__name)
  File "/home/runner/work/sdk-python/sdk-python/temporalio/worker/workflow_sandbox/_restrictions.py", line 792, in assert_child_not_restricted
    raise RestrictedWorkflowAccessError(
temporalio.worker.workflow_sandbox._restrictions.RestrictedWorkflowAccessError: Cannot access os.environ.foo from inside a workflow. If this is code from a module not used in a workflow or known to only be used deterministically from a workflow, mark the import as pass through.

The above exception was the direct cause of the following exception:

Traceback (most recent call last):
  File "/home/runner/work/sdk-python/sdk-python/temporalio/worker/_workflow_instance.py", line 1767, in _run_top_level_workflow_function
    await coro
  File "/home/runner/work/sdk-python/sdk-python/temporalio/worker/_workflow_instance.py", line 831, in run_workflow
    result = await self._inbound.execute_workflow(input)
  File "/home/runner/work/sdk-python/sdk-python/temporalio/testing/_workflow.py", line 493, in execute_workflow
    return await super().execute_workflow(input)
  File "/home/runner/work/sdk-python/sdk-python/temporalio/worker/_interceptor.py", line 328, in execute_workflow
    return await self.next.execute_workflow(input)
  File "/home/runner/work/sdk-python/sdk-python/temporalio/worker/_workflow_instance.py", line 2099, in execute_workflow
    return await input.run_fn(*args)
  File "/home/runner/work/sdk-python/sdk-python/tests/worker/workflow_sandbox/test_runner.py", line 151, in run
    raise ApplicationError(
temporalio.exceptions.ApplicationError: RestrictedWorkflowAccessError: Cannot access os.environ.foo from inside a workflow. If this is code from a module not used in a workflow or known to only be used deterministically from a workflow, mark the import as pass through.
WARNING  temporalio.worker.workflow_sandbox._restrictions:_restrictions.py:783 __call__ on os.getenv restricted
DEBUG    temporalio.worker._workflow_instance:_workflow_instance.py:1788 Workflow raised failure with run ID e35a5ef9-5fd9-4aa9-b90c-1f56ea3e3380
Traceback (most recent call last):
  File "/home/runner/work/sdk-python/sdk-python/tests/worker/workflow_sandbox/test_runner.py", line 149, in run
    exec(code)
  File "<string>", line 2, in <module>
  File "/home/runner/work/sdk-python/sdk-python/temporalio/worker/workflow_sandbox/_restrictions.py", line 964, in __call__
    state.assert_child_not_restricted("__call__")
  File "/home/runner/work/sdk-python/sdk-python/temporalio/worker/workflow_sandbox/_restrictions.py", line 792, in assert_child_not_restricted
    raise RestrictedWorkflowAccessError(
temporalio.worker.workflow_sandbox._restrictions.RestrictedWorkflowAccessError: Cannot access os.getenv.__call__ from inside a workflow. If this is code from a module not used in a workflow or known to only be used deterministically from a workflow, mark the import as pass through.

The above exception was the direct cause of the following exception:

Traceback (most recent call last):
  File "/home/runner/work/sdk-python/sdk-python/temporalio/worker/_workflow_instance.py", line 1767, in _run_top_level_workflow_function
    await coro
  File "/home/runner/work/sdk-python/sdk-python/temporalio/worker/_workflow_instance.py", line 831, in run_workflow
    result = await self._inbound.execute_workflow(input)
  File "/home/runner/work/sdk-python/sdk-python/temporalio/testing/_workflow.py", line 493, in execute_workflow
    return await super().execute_workflow(input)
  File "/home/runner/work/sdk-python/sdk-python/temporalio/worker/_interceptor.py", line 328, in execute_workflow
    return await self.next.execute_workflow(input)
  File "/home/runner/work/sdk-python/sdk-python/temporalio/worker/_workflow_instance.py", line 2099, in execute_workflow
    return await input.run_fn(*args)
  File "/home/runner/work/sdk-python/sdk-python/tests/worker/workflow_sandbox/test_runner.py", line 151, in run
    raise ApplicationError(
temporalio.exceptions.ApplicationError: RestrictedWorkflowAccessError: Cannot access os.getenv.__call__ from inside a workflow. If this is code from a module not used in a workflow or known to only be used deterministically from a workflow, mark the import as pass through.
WARNING  temporalio.worker.workflow_sandbox._restrictions:_restrictions.py:783 abspath on os.path restricted
DEBUG    temporalio.worker._workflow_instance:_workflow_instance.py:1788 Workflow raised failure with run ID 6c72dfe6-1abe-4318-80fb-fa23bd528472
Traceback (most recent call last):
  File "/home/runner/work/sdk-python/sdk-python/tests/worker/workflow_sandbox/test_runner.py", line 149, in run
    exec(code)
  File "<string>", line 2, in <module>
  File "/home/runner/work/sdk-python/sdk-python/temporalio/worker/workflow_sandbox/_restrictions.py", line 942, in __getattribute__
    state.assert_child_not_restricted(__name)
  File "/home/runner/work/sdk-python/sdk-python/temporalio/worker/workflow_sandbox/_restrictions.py", line 792, in assert_child_not_restricted
    raise RestrictedWorkflowAccessError(
temporalio.worker.workflow_sandbox._restrictions.RestrictedWorkflowAccessError: Cannot access os.path.abspath from inside a workflow. If this is code from a module not used in a workflow or known to only be used deterministically from a workflow, mark the import as pass through.

The above exception was the direct cause of the following exception:

Traceback (most recent call last):
  File "/home/runner/work/sdk-python/sdk-python/temporalio/worker/_workflow_instance.py", line 1767, in _run_top_level_workflow_function
    await coro
  File "/home/runner/work/sdk-python/sdk-python/temporalio/worker/_workflow_instance.py", line 831, in run_workflow
    result = await self._inbound.execute_workflow(input)
  File "/home/runner/work/sdk-python/sdk-python/temporalio/testing/_workflow.py", line 493, in execute_workflow
    return await super().execute_workflow(input)
  File "/home/runner/work/sdk-python/sdk-python/temporalio/worker/_interceptor.py", line 328, in execute_workflow
    return await self.next.execute_workflow(input)
  File "/home/runner/work/sdk-python/sdk-python/temporalio/worker/_workflow_instance.py", line 2099, in execute_workflow
    return await input.run_fn(*args)
  File "/home/runner/work/sdk-python/sdk-python/tests/worker/workflow_sandbox/test_runner.py", line 151, in run
    raise ApplicationError(
temporalio.exceptions.ApplicationError: RestrictedWorkflowAccessError: Cannot access os.path.abspath from inside a workflow. If this is code from a module not used in a workflow or known to only be used deterministically from a workflow, mark the import as pass through.
WARNING  temporalio.worker.workflow_sandbox._restrictions:_restrictions.py:783 __call__ on random.choice restricted
DEBUG    temporalio.worker._workflow_instance:_workflow_instance.py:1788 Workflow raised failure with run ID a2a682f1-cc9a-4e61-95d8-245d7fe81ab3
Traceback (most recent call last):
  File "/home/runner/work/sdk-python/sdk-python/tests/worker/workflow_sandbox/test_runner.py", line 149, in run
    exec(code)
  File "<string>", line 2, in <module>
  File "/home/runner/work/sdk-python/sdk-python/temporalio/worker/workflow_sandbox/_restrictions.py", line 964, in __call__
    state.assert_child_not_restricted("__call__")
  File "/home/runner/work/sdk-python/sdk-python/temporalio/worker/workflow_sandbox/_restrictions.py", line 792, in assert_child_not_restricted
    raise RestrictedWorkflowAccessError(
temporalio.worker.workflow_sandbox._restrictions.RestrictedWorkflowAccessError: Cannot access random.choice.__call__ from inside a workflow. If this is code from a module not used in a workflow or known to only be used deterministically from a workflow, mark the import as pass through.

The above exception was the direct cause of the following exception:

Traceback (most recent call last):
  File "/home/runner/work/sdk-python/sdk-python/temporalio/worker/_workflow_instance.py", line 1767, in _run_top_level_workflow_function
    await coro
  File "/home/runner/work/sdk-python/sdk-python/temporalio/worker/_workflow_instance.py", line 831, in run_workflow
    result = await self._inbound.execute_workflow(input)
  File "/home/runner/work/sdk-python/sdk-python/temporalio/testing/_workflow.py", line 493, in execute_workflow
    return await super().execute_workflow(input)
  File "/home/runner/work/sdk-python/sdk-python/temporalio/worker/_interceptor.py", line 328, in execute_workflow
    return await self.next.execute_workflow(input)
  File "/home/runner/work/sdk-python/sdk-python/temporalio/worker/_workflow_instance.py", line 2099, in execute_workflow
    return await input.run_fn(*args)
  File "/home/runner/work/sdk-python/sdk-python/tests/worker/workflow_sandbox/test_runner.py", line 151, in run
    raise ApplicationError(
temporalio.exceptions.ApplicationError: RestrictedWorkflowAccessError: Cannot access random.choice.__call__ from inside a workflow. If this is code from a module not used in a workflow or known to only be used deterministically from a workflow, mark the import as pass through.
WARNING  temporalio.worker.workflow_sandbox._restrictions:_restrictions.py:783 __call__ on secrets.choice restricted
DEBUG    temporalio.worker._workflow_instance:_workflow_instance.py:1788 Workflow raised failure with run ID a419c6ba-523b-4e28-9bcb-cdf3664f3dd4
Traceback (most recent call last):
  File "/home/runner/work/sdk-python/sdk-python/tests/worker/workflow_sandbox/test_runner.py", line 149, in run
    exec(code)
  File "<string>", line 2, in <module>
  File "/home/runner/work/sdk-python/sdk-python/temporalio/worker/workflow_sandbox/_restrictions.py", line 964, in __call__
    state.assert_child_not_restricted("__call__")
  File "/home/runner/work/sdk-python/sdk-python/temporalio/worker/workflow_sandbox/_restrictions.py", line 792, in assert_child_not_restricted
    raise RestrictedWorkflowAccessError(
temporalio.worker.workflow_sandbox._restrictions.RestrictedWorkflowAccessError: Cannot access secrets.choice.__call__ from inside a workflow. If this is code from a module not used in a workflow or known to only be used deterministically from a workflow, mark the import as pass through.

The above exception was the direct cause of the following exception:

Traceback (most recent call last):
  File "/home/runner/work/sdk-python/sdk-python/temporalio/worker/_workflow_instance.py", line 1767, in _run_top_level_workflow_function
    await coro
  File "/home/runner/work/sdk-python/sdk-python/temporalio/worker/_workflow_instance.py", line 831, in run_workflow
    result = await self._inbound.execute_workflow(input)
  File "/home/runner/work/sdk-python/sdk-python/temporalio/testing/_workflow.py", line 493, in execute_workflow
    return await super().execute_workflow(input)
  File "/home/runner/work/sdk-python/sdk-python/temporalio/worker/_interceptor.py", line 328, in execute_workflow
    return await self.next.execute_workflow(input)
  File "/home/runner/work/sdk-python/sdk-python/temporalio/worker/_workflow_instance.py", line 2099, in execute_workflow
    return await input.run_fn(*args)
  File "/home/runner/work/sdk-python/sdk-python/tests/worker/workflow_sandbox/test_runner.py", line 151, in run
    raise ApplicationError(
temporalio.exceptions.ApplicationError: RestrictedWorkflowAccessError: Cannot access secrets.choice.__call__ from inside a workflow. If this is code from a module not used in a workflow or known to only be used deterministically from a workflow, mark the import as pass through.
WARNING  temporalio.worker.workflow_sandbox._restrictions:_restrictions.py:783 __call__ on threading.current_thread restricted
DEBUG    temporalio.worker._workflow_instance:_workflow_instance.py:1788 Workflow raised failure with run ID 0582afb4-eb4c-4737-94cb-a21343a465e4
Traceback (most recent call last):
  File "/home/runner/work/sdk-python/sdk-python/tests/worker/workflow_sandbox/test_runner.py", line 149, in run
    exec(code)
  File "<string>", line 2, in <module>
  File "/home/runner/work/sdk-python/sdk-python/temporalio/worker/workflow_sandbox/_restrictions.py", line 964, in __call__
    state.assert_child_not_restricted("__call__")
  File "/home/runner/work/sdk-python/sdk-python/temporalio/worker/workflow_sandbox/_restrictions.py", line 792, in assert_child_not_restricted
    raise RestrictedWorkflowAccessError(
temporalio.worker.workflow_sandbox._restrictions.RestrictedWorkflowAccessError: Cannot access threading.current_thread.__call__ from inside a workflow. If this is code from a module not used in a workflow or known to only be used deterministically from a workflow, mark the import as pass through.

The above exception was the direct cause of the following exception:

Traceback (most recent call last):
  File "/home/runner/work/sdk-python/sdk-python/temporalio/worker/_workflow_instance.py", line 1767, in _run_top_level_workflow_function
    await coro
  File "/home/runner/work/sdk-python/sdk-python/temporalio/worker/_workflow_instance.py", line 831, in run_workflow
    result = await self._inbound.execute_workflow(input)
  File "/home/runner/work/sdk-python/sdk-python/temporalio/testing/_workflow.py", line 493, in execute_workflow
    return await super().execute_workflow(input)
  File "/home/runner/work/sdk-python/sdk-python/temporalio/worker/_interceptor.py", line 328, in execute_workflow
    return await self.next.execute_workflow(input)
  File "/home/runner/work/sdk-python/sdk-python/temporalio/worker/_workflow_instance.py", line 2099, in execute_workflow
    return await input.run_fn(*args)
  File "/home/runner/work/sdk-python/sdk-python/tests/worker/workflow_sandbox/test_runner.py", line 151, in run
    raise ApplicationError(
temporalio.exceptions.ApplicationError: RestrictedWorkflowAccessError: Cannot access threading.current_thread.__call__ from inside a workflow. If this is code from a module not used in a workflow or known to only be used deterministically from a workflow, mark the import as pass through.
WARNING  temporalio.worker.workflow_sandbox._restrictions:_restrictions.py:783 __call__ on time.sleep restricted
DEBUG    temporalio.worker._workflow_instance:_workflow_instance.py:1788 Workflow raised failure with run ID 9547cc67-f992-4980-8362-2ff3f1091d7a
Traceback (most recent call last):
  File "/home/runner/work/sdk-python/sdk-python/tests/worker/workflow_sandbox/test_runner.py", line 149, in run
    exec(code)
  File "<string>", line 2, in <module>
  File "/home/runner/work/sdk-python/sdk-python/temporalio/worker/workflow_sandbox/_restrictions.py", line 964, in __call__
    state.assert_child_not_restricted("__call__")
  File "/home/runner/work/sdk-python/sdk-python/temporalio/worker/workflow_sandbox/_restrictions.py", line 792, in assert_child_not_restricted
    raise RestrictedWorkflowAccessError(
temporalio.worker.workflow_sandbox._restrictions.RestrictedWorkflowAccessError: Cannot access time.sleep.__call__ from inside a workflow. If this is code from a module not used in a workflow or known to only be used deterministically from a workflow, mark the import as pass through.

The above exception was the direct cause of the following exception:

Traceback (most recent call last):
  File "/home/runner/work/sdk-python/sdk-python/temporalio/worker/_workflow_instance.py", line 1767, in _run_top_level_workflow_function
    await coro
  File "/home/runner/work/sdk-python/sdk-python/temporalio/worker/_workflow_instance.py", line 831, in run_workflow
    result = await self._inbound.execute_workflow(input)
  File "/home/runner/work/sdk-python/sdk-python/temporalio/testing/_workflow.py", line 493, in execute_workflow
    return await super().execute_workflow(input)
  File "/home/runner/work/sdk-python/sdk-python/temporalio/worker/_interceptor.py", line 328, in execute_workflow
    return await self.next.execute_workflow(input)
  File "/home/runner/work/sdk-python/sdk-python/temporalio/worker/_workflow_instance.py", line 2099, in execute_workflow
    return await input.run_fn(*args)
  File "/home/runner/work/sdk-python/sdk-python/tests/worker/workflow_sandbox/test_runner.py", line 151, in run
    raise ApplicationError(
temporalio.exceptions.ApplicationError: RestrictedWorkflowAccessError: Cannot access time.sleep.__call__ from inside a workflow. If this is code from a module not used in a workflow or known to only be used deterministically from a workflow, mark the import as pass through.
WARNING  temporalio.worker.workflow_sandbox._restrictions:_restrictions.py:783 __call__ on concurrent.futures.ThreadPoolExecutor restricted
DEBUG    temporalio.worker._workflow_instance:_workflow_instance.py:1788 Workflow raised failure with run ID 3629aa6e-818e-4993-859c-96d8afb483e9
Traceback (most recent call last):
  File "/home/runner/work/sdk-python/sdk-python/tests/worker/workflow_sandbox/test_runner.py", line 149, in run
    exec(code)
  File "<string>", line 2, in <module>
  File "/home/runner/work/sdk-python/sdk-python/temporalio/worker/workflow_sandbox/_restrictions.py", line 964, in __call__
    state.assert_child_not_restricted("__call__")
  File "/home/runner/work/sdk-python/sdk-python/temporalio/worker/workflow_sandbox/_restrictions.py", line 792, in assert_child_not_restricted
    raise RestrictedWorkflowAccessError(
temporalio.worker.workflow_sandbox._restrictions.RestrictedWorkflowAccessError: Cannot access concurrent.futures.ThreadPoolExecutor.__call__ from inside a workflow. If this is code from a module not used in a workflow or known to only be used deterministically from a workflow, mark the import as pass through.

The above exception was the direct cause of the following exception:

Traceback (most recent call last):
  File "/home/runner/work/sdk-python/sdk-python/temporalio/worker/_workflow_instance.py", line 1767, in _run_top_level_workflow_function
    await coro
  File "/home/runner/work/sdk-python/sdk-python/temporalio/worker/_workflow_instance.py", line 831, in run_workflow
    result = await self._inbound.execute_workflow(input)
  File "/home/runner/work/sdk-python/sdk-python/temporalio/testing/_workflow.py", line 493, in execute_workflow
    return await super().execute_workflow(input)
  File "/home/runner/work/sdk-python/sdk-python/temporalio/worker/_interceptor.py", line 328, in execute_workflow
    return await self.next.execute_workflow(input)
  File "/home/runner/work/sdk-python/sdk-python/temporalio/worker/_workflow_instance.py", line 2099, in execute_workflow
    return await input.run_fn(*args)
  File "/home/runner/work/sdk-python/sdk-python/tests/worker/workflow_sandbox/test_runner.py", line 151, in run
    raise ApplicationError(
temporalio.exceptions.ApplicationError: RestrictedWorkflowAccessError: Cannot access concurrent.futures.ThreadPoolExecutor.__call__ from inside a workflow. If this is code from a module not used in a workflow or known to only be used deterministically from a workflow, mark the import as pass through.
WARNING  temporalio.worker.workflow_sandbox._restrictions:_restrictions.py:783 __call__ on urllib.request.urlopen restricted
DEBUG    temporalio.worker._workflow_instance:_workflow_instance.py:1788 Workflow raised failure with run ID 298b4aff-a003-4b88-b99b-ba984925271a
Traceback (most recent call last):
  File "/home/runner/work/sdk-python/sdk-python/tests/worker/workflow_sandbox/test_runner.py", line 149, in run
    exec(code)
  File "<string>", line 2, in <module>
  File "/home/runner/work/sdk-python/sdk-python/temporalio/worker/workflow_sandbox/_restrictions.py", line 964, in __call__
    state.assert_child_not_restricted("__call__")
  File "/home/runner/work/sdk-python/sdk-python/temporalio/worker/workflow_sandbox/_restrictions.py", line 792, in assert_child_not_restricted
    raise RestrictedWorkflowAccessError(
temporalio.worker.workflow_sandbox._restrictions.RestrictedWorkflowAccessError: Cannot access urllib.request.urlopen.__call__ from inside a workflow. If this is code from a module not used in a workflow or known to only be used deterministically from a workflow, mark the import as pass through.

The above exception was the direct cause of the following exception:

Traceback (most recent call last):
  File "/home/runner/work/sdk-python/sdk-python/temporalio/worker/_workflow_instance.py", line 1767, in _run_top_level_workflow_function
    await coro
  File "/home/runner/work/sdk-python/sdk-python/temporalio/worker/_workflow_instance.py", line 831, in run_workflow
    result = await self._inbound.execute_workflow(input)
  File "/home/runner/work/sdk-python/sdk-python/temporalio/testing/_workflow.py", line 493, in execute_workflow
    return await super().execute_workflow(input)
  File "/home/runner/work/sdk-python/sdk-python/temporalio/worker/_interceptor.py", line 328, in execute_workflow
    return await self.next.execute_workflow(input)
  File "/home/runner/work/sdk-python/sdk-python/temporalio/worker/_workflow_instance.py", line 2099, in execute_workflow
    return await input.run_fn(*args)
  File "/home/runner/work/sdk-python/sdk-python/tests/worker/workflow_sandbox/test_runner.py", line 151, in run
    raise ApplicationError(
temporalio.exceptions.ApplicationError: RestrictedWorkflowAccessError: Cannot access urllib.request.urlopen.__call__ from inside a workflow. If this is code from a module not used in a workflow or known to only be used deterministically from a workflow, mark the import as pass through.
WARNING  temporalio.worker.workflow_sandbox._restrictions:_restrictions.py:783 __call__ on http.client.HTTPConnection restricted
DEBUG    temporalio.worker._workflow_instance:_workflow_instance.py:1788 Workflow raised failure with run ID bdca4ffe-efa6-4fe9-b20c-3a5902349e66
Traceback (most recent call last):
  File "/home/runner/work/sdk-python/sdk-python/tests/worker/workflow_sandbox/test_runner.py", line 149, in run
    exec(code)
  File "<string>", line 2, in <module>
  File "/home/runner/work/sdk-python/sdk-python/temporalio/worker/workflow_sandbox/_restrictions.py", line 964, in __call__
    state.assert_child_not_restricted("__call__")
  File "/home/runner/work/sdk-python/sdk-python/temporalio/worker/workflow_sandbox/_restrictions.py", line 792, in assert_child_not_restricted
    raise RestrictedWorkflowAccessError(
temporalio.worker.workflow_sandbox._restrictions.RestrictedWorkflowAccessError: Cannot access http.client.HTTPConnection.__call__ from inside a workflow. If this is code from a module not used in a workflow or known to only be used deterministically from a workflow, mark the import as pass through.

The above exception was the direct cause of the following exception:

Traceback (most recent call last):
  File "/home/runner/work/sdk-python/sdk-python/temporalio/worker/_workflow_instance.py", line 1767, in _run_top_level_workflow_function
    await coro
  File "/home/runner/work/sdk-python/sdk-python/temporalio/worker/_workflow_instance.py", line 831, in run_workflow
    result = await self._inbound.execute_workflow(input)
  File "/home/runner/work/sdk-python/sdk-python/temporalio/testing/_workflow.py", line 493, in execute_workflow
    return await super().execute_workflow(input)
  File "/home/runner/work/sdk-python/sdk-python/temporalio/worker/_interceptor.py", line 328, in execute_workflow
    return await self.next.execute_workflow(input)
  File "/home/runner/work/sdk-python/sdk-python/temporalio/worker/_workflow_instance.py", line 2099, in execute_workflow
    return await input.run_fn(*args)
  File "/home/runner/work/sdk-python/sdk-python/tests/worker/workflow_sandbox/test_runner.py", line 151, in run
    raise ApplicationError(
temporalio.exceptions.ApplicationError: RestrictedWorkflowAccessError: Cannot access http.client.HTTPConnection.__call__ from inside a workflow. If this is code from a module not used in a workflow or known to only be used deterministically from a workflow, mark the import as pass through.
WARNING  temporalio.worker.workflow_sandbox._restrictions:_restrictions.py:783 __call__ on uuid.uuid4 restricted
DEBUG    temporalio.worker._workflow_instance:_workflow_instance.py:1788 Workflow raised failure with run ID a02e1e8f-3bee-459b-886c-6f55180da9ab
Traceback (most recent call last):
  File "/home/runner/work/sdk-python/sdk-python/tests/worker/workflow_sandbox/test_runner.py", line 149, in run
    exec(code)
  File "<string>", line 2, in <module>
  File "/home/runner/work/sdk-python/sdk-python/temporalio/worker/workflow_sandbox/_restrictions.py", line 964, in __call__
    state.assert_child_not_restricted("__call__")
  File "/home/runner/work/sdk-python/sdk-python/temporalio/worker/workflow_sandbox/_restrictions.py", line 792, in assert_child_not_restricted
    raise RestrictedWorkflowAccessError(
temporalio.worker.workflow_sandbox._restrictions.RestrictedWorkflowAccessError: Cannot access uuid.uuid4.__call__ from inside a workflow. If this is code from a module not used in a workflow or known to only be used deterministically from a workflow, mark the import as pass through.

The above exception was the direct cause of the following exception:

Traceback (most recent call last):
  File "/home/runner/work/sdk-python/sdk-python/temporalio/worker/_workflow_instance.py", line 1767, in _run_top_level_workflow_function
    await coro
  File "/home/runner/work/sdk-python/sdk-python/temporalio/worker/_workflow_instance.py", line 831, in run_workflow
    result = await self._inbound.execute_workflow(input)
  File "/home/runner/work/sdk-python/sdk-python/temporalio/testing/_workflow.py", line 493, in execute_workflow
    return await super().execute_workflow(input)
  File "/home/runner/work/sdk-python/sdk-python/temporalio/worker/_interceptor.py", line 328, in execute_workflow
    return await self.next.execute_workflow(input)
  File "/home/runner/work/sdk-python/sdk-python/temporalio/worker/_workflow_instance.py", line 2099, in execute_workflow
    return await input.run_fn(*args)
  File "/home/runner/work/sdk-python/sdk-python/tests/worker/workflow_sandbox/test_runner.py", line 151, in run
    raise ApplicationError(
temporalio.exceptions.ApplicationError: RestrictedWorkflowAccessError: Cannot access uuid.uuid4.__call__ from inside a workflow. If this is code from a module not used in a workflow or known to only be used deterministically from a workflow, mark the import as pass through.
INFO     temporalio.worker._worker:_worker.py:523 Beginning worker shutdown, will wait 0:00:00 before cancelling activities
INFO     temporalio.worker._worker:_worker.py:523 Beginning worker shutdown, will wait 0:00:00 before cancelling activities
WARNING  temporalio.worker.workflow_sandbox._restrictions:_restrictions.py:783 __call__ on datetime.date restricted
DEBUG    temporalio.worker._workflow_instance:_workflow_instance.py:1788 Workflow raised failure with run ID e9edf070-61eb-492e-9df6-bce3f90f442d
Traceback (most recent call last):
  File "/home/runner/work/sdk-python/sdk-python/tests/worker/workflow_sandbox/test_runner.py", line 149, in run
    exec(code)
  File "<string>", line 2, in <module>
  File "/home/runner/work/sdk-python/sdk-python/temporalio/worker/workflow_sandbox/_restrictions.py", line 964, in __call__
    state.assert_child_not_restricted("__call__")
  File "/home/runner/work/sdk-python/sdk-python/temporalio/worker/workflow_sandbox/_restrictions.py", line 792, in assert_child_not_restricted
    raise RestrictedWorkflowAccessError(
temporalio.worker.workflow_sandbox._restrictions.RestrictedWorkflowAccessError: Cannot access datetime.date.__call__ from inside a workflow. If this is code from a module not used in a workflow or known to only be used deterministically from a workflow, mark the import as pass through.

The above exception was the direct cause of the following exception:

Traceback (most recent call last):
  File "/home/runner/work/sdk-python/sdk-python/temporalio/worker/_workflow_instance.py", line 1767, in _run_top_level_workflow_function
    await coro
  File "/home/runner/work/sdk-python/sdk-python/temporalio/worker/_workflow_instance.py", line 831, in run_workflow
    result = await self._inbound.execute_workflow(input)
  File "/home/runner/work/sdk-python/sdk-python/temporalio/testing/_workflow.py", line 493, in execute_workflow
    return await super().execute_workflow(input)
  File "/home/runner/work/sdk-python/sdk-python/temporalio/worker/_interceptor.py", line 328, in execute_workflow
    return await self.next.execute_workflow(input)
  File "/home/runner/work/sdk-python/sdk-python/temporalio/worker/_workflow_instance.py", line 2099, in execute_workflow
    return await input.run_fn(*args)
  File "/home/runner/work/sdk-python/sdk-python/tests/worker/workflow_sandbox/test_runner.py", line 151, in run
    raise ApplicationError(
temporalio.exceptions.ApplicationError: RestrictedWorkflowAccessError: Cannot access datetime.date.__call__ from inside a workflow. If this is code from a module not used in a workflow or known to only be used deterministically from a workflow, mark the import as pass through.
INFO     temporalio.worker._worker:_worker.py:523 Beginning worker shutdown, will wait 0:00:00 before cancelling activities