WARNING  temporalio.worker.workflow_sandbox._restrictions:_restrictions.py:783 __call__ on asyncio.as_completed restricted
WARNING  temporalio.worker.workflow_sandbox._restrictions:_restrictions.py:783 __call__ on asyncio.wait restricted
INFO     temporalio.worker._worker:_worker.py:523 Beginning worker shutdown, will wait 0:00:00 before cancelling activities
INFO     temporalio.worker._worker:_worker.py:523 Beginning worker shutdown, will wait 0:00:00 before cancelling activities
ERROR    asyncio:base_events.py:1707 Task exception was never retrieved
future: <Task finished name='Task-4605' coro=<_UnfinishedHandlersWarningsTest._get_workflow_result() done, defined at /home/runner/work/sdk-python/sdk-python/tests/worker/test_workflow.py:5366> exception=RPCError('transport error')>
Traceback (most recent call last):
  File "/home/runner/work/sdk-python/sdk-python/temporalio/service.py", line 1064, in _rpc_call
    resp = await client.call(
  File "/home/runner/work/sdk-python/sdk-python/temporalio/bridge/client.py", line 151, in call
    resp.ParseFromString(await resp_fut)
temporal_sdk_bridge.RPCError: (2, 'transport error', b'')

During handling of the above exception, another exception occurred:

Traceback (most recent call last):
  File "/home/runner/work/sdk-python/sdk-python/tests/worker/test_workflow.py", line 5396, in _get_workflow_result
    return await handle.result()
  File "/home/runner/work/sdk-python/sdk-python/temporalio/client.py", line 1250, in result
    async for event in self._fetch_history_events_for_run(
  File "/home/runner/work/sdk-python/sdk-python/temporalio/client.py", line 2736, in __anext__
    await self.fetch_next_page()
  File "/home/runner/work/sdk-python/sdk-python/temporalio/client.py", line 2693, in fetch_next_page
    resp = await self._client.workflow_service.get_workflow_execution_history(
  File "/home/runner/work/sdk-python/sdk-python/temporalio/service.py", line 991, in __call__
    return await self.service_client._rpc_call(
  File "/home/runner/work/sdk-python/sdk-python/temporalio/service.py", line 1079, in _rpc_call
    raise RPCError(message, RPCStatusCode(status), details)
temporalio.service.RPCError: transport error
ERROR    asyncio:base_events.py:1707 Task exception was never retrieved
future: <Task finished name='Task-4574' coro=<_UnfinishedHandlersWarningsTest._get_workflow_result() done, defined at /home/runner/work/sdk-python/sdk-python/tests/worker/test_workflow.py:5366> exception=AssertionError("assert (<RPCStatusCode.UNKNOWN: 2> == <RPCStatusCode.NOT_FOUND: 5>)\n +  where <RPCStatusCode.UNKNOWN: 2> = RPCError('transport error').status\n +    where RPCError('transport error') = <ExceptionInfo RPCError('transport error') tblen=6>.value\n +  and   <RPCStatusCode.NOT_FOUND: 5> = RPCStatusCode.NOT_FOUND")>
Traceback (most recent call last):
  File "/home/runner/work/sdk-python/sdk-python/tests/worker/test_workflow.py", line 5389, in _get_workflow_result
    assert (
AssertionError: assert (<RPCStatusCode.UNKNOWN: 2> == <RPCStatusCode.NOT_FOUND: 5>)
 +  where <RPCStatusCode.UNKNOWN: 2> = RPCError('transport error').status
 +    where RPCError('transport error') = <ExceptionInfo RPCError('transport error') tblen=6>.value
 +  and   <RPCStatusCode.NOT_FOUND: 5> = RPCStatusCode.NOT_FOUND
DEBUG    asyncio:selector_events.py:59 Using selector: EpollSelector