ERROR    temporalio.worker._workflow:_workflow.py:271 Failed handling activation on workflow with run ID e9b92384-f772-4458-bf07-d6961a60be85
Traceback (most recent call last):
  File "/opt/hostedtoolcache/Python/3.12.5/arm64/lib/python3.12/asyncio/tasks.py", line 520, in wait_for
    return await fut
           ^^^^^^^^^
asyncio.exceptions.CancelledError

The above exception was the direct cause of the following exception:

Traceback (most recent call last):
  File "/home/runner/work/sdk-python/sdk-python/temporalio/worker/_workflow.py", line 249, in _handle_activation
    completion = await asyncio.wait_for(
                 ^^^^^^^^^^^^^^^^^^^^^^^
  File "/opt/hostedtoolcache/Python/3.12.5/arm64/lib/python3.12/asyncio/tasks.py", line 519, in wait_for
    async with timeouts.timeout(timeout):
  File "/opt/hostedtoolcache/Python/3.12.5/arm64/lib/python3.12/asyncio/timeouts.py", line 115, in __aexit__
    raise TimeoutError from exc_val
TimeoutError

During handling of the above exception, another exception occurred:

Traceback (most recent call last):
  File "/home/runner/work/sdk-python/sdk-python/temporalio/worker/_workflow.py", line 253, in _handle_activation
    raise RuntimeError(
RuntimeError: [TMPRL1101] Potential deadlock detected, workflow didn't yield within 1 second(s)
DEBUG    temporalio.worker._workflow:_workflow.py:299 Evicting workflow with run ID e9b92384-f772-4458-bf07-d6961a60be85, message: Workflow activation completion failed: Failure { failure: Some(Failure { message: "[TMPRL1101] Potential deadlock detected, workflow didn't yield within 1 second(s)", source: "", stack_trace: "  File \"/home/runner/work/sdk-python/sdk-python/temporalio/worker/_workflow.py\", line 253, in _handle_activation\n    raise RuntimeError(\n", encoded_attributes: None, cause: None, failure_info: Some(ApplicationFailureInfo(ApplicationFailureInfo { r#type: "RuntimeError", non_retryable: false, details: None, next_retry_delay: None })) }), force_cause: Unspecified }
INFO     temporalio.worker._worker:_worker.py:523 Beginning worker shutdown, will wait 0:00:00 before cancelling activities