DEBUG    temporalio.worker._activity:_activity.py:276 Running activity say_hello (token b'\x00\x07default\x00$00e6cbd8-88c3-4041-ba61-9bc03a9073d4\x00$691853d1-f25d-46a7-9b66-ba4626d14fbc\x00\x00\x00\x00\x00\x00\x00\x05\x00\x00\x00\x01')
DEBUG    temporalio.activity:_activity.py:440 Starting activity ({'activity_id': '1', 'activity_type': 'say_hello', 'attempt': 1, 'namespace': 'default', 'task_queue': 'fd5d204e-896b-4ea4-8bb1-52423d910c8a', 'workflow_id': '00e6cbd8-88c3-4041-ba61-9bc03a9073d4', 'workflow_run_id': '691853d1-f25d-46a7-9b66-ba4626d14fbc', 'workflow_type': 'kitchen_sink'})
WARNING  temporalio.activity:_activity.py:493 Completing activity as failed ({'activity_id': '1', 'activity_type': 'say_hello', 'attempt': 1, 'namespace': 'default', 'task_queue': 'fd5d204e-896b-4ea4-8bb1-52423d910c8a', 'workflow_id': '00e6cbd8-88c3-4041-ba61-9bc03a9073d4', 'workflow_run_id': '691853d1-f25d-46a7-9b66-ba4626d14fbc', 'workflow_type': 'kitchen_sink'})
Traceback (most recent call last):
  File "/home/runner/work/sdk-python/sdk-python/temporalio/worker/_activity.py", line 453, in _run_activity
    result = await impl.execute_activity(input)
  File "/home/runner/work/sdk-python/sdk-python/temporalio/worker/_activity.py", line 711, in execute_activity
    return await input.fn(*input.args)
TypeError: say_hello() missing 1 required positional argument: 'name'
DEBUG    temporalio.worker._activity:_activity.py:527 Completing activity with completion: task_token: "\000\007default\000$00e6cbd8-88c3-4041-ba61-9bc03a9073d4\000$691853d1-f25d-46a7-9b66-ba4626d14fbc\000\000\000\000\000\000\000\005\000\000\000\001"
result {
  failed {
    failure {
      message: "say_hello() missing 1 required positional argument: \'name\'"
      stack_trace: "  File \"/home/runner/work/sdk-python/sdk-python/temporalio/worker/_activity.py\", line 453, in _run_activity\n    result = await impl.execute_activity(input)\n\n  File \"/home/runner/work/sdk-python/sdk-python/temporalio/worker/_activity.py\", line 711, in execute_activity\n    return await input.fn(*input.args)\n"
      application_failure_info {
        type: "TypeError"
      }
    }
  }
}

DEBUG    temporalio.worker._workflow_instance:_workflow_instance.py:1788 Workflow raised failure with run ID 691853d1-f25d-46a7-9b66-ba4626d14fbc
temporalio.exceptions.ApplicationError: TypeError: say_hello() missing 1 required positional argument: 'name'

The above exception was the direct cause of the following exception:

Traceback (most recent call last):
  File "/home/runner/work/sdk-python/sdk-python/temporalio/worker/_workflow_instance.py", line 1767, in _run_top_level_workflow_function
    await coro
  File "/home/runner/work/sdk-python/sdk-python/temporalio/worker/_workflow_instance.py", line 831, in run_workflow
    result = await self._inbound.execute_workflow(input)
  File "/home/runner/work/sdk-python/sdk-python/temporalio/testing/_workflow.py", line 493, in execute_workflow
    return await super().execute_workflow(input)
  File "/home/runner/work/sdk-python/sdk-python/temporalio/worker/_interceptor.py", line 328, in execute_workflow
    return await self.next.execute_workflow(input)
  File "/home/runner/work/sdk-python/sdk-python/temporalio/worker/_workflow_instance.py", line 2099, in execute_workflow
    return await input.run_fn(*args)
  File "/home/runner/work/sdk-python/sdk-python/tests/helpers/worker.py", line 97, in run
    should_return, ret = await self.handle_action(params, action)
  File "/home/runner/work/sdk-python/sdk-python/tests/helpers/worker.py", line 204, in handle_action
    raise task.exception()  # type: ignore
  File "/home/runner/work/sdk-python/sdk-python/tests/helpers/worker.py", line 193, in run_activity
    last_result = await task
  File "/home/runner/work/sdk-python/sdk-python/temporalio/worker/_workflow_instance.py", line 1423, in run_activity
    return await asyncio.shield(handle._result_fut)
temporalio.exceptions.ActivityError: Activity task failed
INFO     temporalio.worker._worker:_worker.py:523 Beginning worker shutdown, will wait 0:00:00 before cancelling activities